gcc -pthread -c -Wno-unused-result -Wsign-compare -DNDEBUG -g -fwrapv -O3 -Wall    -std=c99 -Wextra -Wno-unused-result -Wno-unused-parameter -Wno-missing-field-initializers -Werror=implicit-function-declaration  -I./Include/internal  -I. -I./Include    -DPy_BUILD_CORE -o Objects/longobject.o Objects/longobject.c
gcc -pthread -c -Wno-unused-result -Wsign-compare -DNDEBUG -g -fwrapv -O3 -Wall    -std=c99 -Wextra -Wno-unused-result -Wno-unused-parameter -Wno-missing-field-initializers -Werror=implicit-function-declaration  -I./Include/internal  -I. -I./Include    -DPy_BUILD_CORE -o Objects/dictobject.o Objects/dictobject.c
gcc -pthread -c -Wno-unused-result -Wsign-compare -DNDEBUG -g -fwrapv -O3 -Wall    -std=c99 -Wextra -Wno-unused-result -Wno-unused-parameter -Wno-missing-field-initializers -Werror=implicit-function-declaration  -I./Include/internal  -I. -I./Include    -DPy_BUILD_CORE -o Objects/memoryobject.o Objects/memoryobject.c
gcc -pthread -c -Wno-unused-result -Wsign-compare -DNDEBUG -g -fwrapv -O3 -Wall    -std=c99 -Wextra -Wno-unused-result -Wno-unused-parameter -Wno-missing-field-initializers -Werror=implicit-function-declaration  -I./Include/internal  -I. -I./Include    -DPy_BUILD_CORE -o Objects/methodobject.o Objects/methodobject.c
gcc -pthread -c -Wno-unused-result -Wsign-compare -DNDEBUG -g -fwrapv -O3 -Wall    -std=c99 -Wextra -Wno-unused-result -Wno-unused-parameter -Wno-missing-field-initializers -Werror=implicit-function-declaration  -I./Include/internal  -I. -I./Include    -DPy_BUILD_CORE -o Objects/moduleobject.o Objects/moduleobject.c
gcc -pthread -c -Wno-unused-result -Wsign-compare -DNDEBUG -g -fwrapv -O3 -Wall    -std=c99 -Wextra -Wno-unused-result -Wno-unused-parameter -Wno-missing-field-initializers -Werror=implicit-function-declaration  -I./Include/internal  -I. -I./Include    -DPy_BUILD_CORE -o Objects/namespaceobject.o Objects/namespaceobject.c
gcc -pthread -c -Wno-unused-result -Wsign-compare -DNDEBUG -g -fwrapv -O3 -Wall    -std=c99 -Wextra -Wno-unused-result -Wno-unused-parameter -Wno-missing-field-initializers -Werror=implicit-function-declaration  -I./Include/internal  -I. -I./Include    -DPy_BUILD_CORE -o Objects/object.o Objects/object.c
gcc -pthread -c -Wno-unused-result -Wsign-compare -DNDEBUG -g -fwrapv -O3 -Wall    -std=c99 -Wextra -Wno-unused-result -Wno-unused-parameter -Wno-missing-field-initializers -Werror=implicit-function-declaration  -I./Include/internal  -I. -I./Include    -DPy_BUILD_CORE -o Objects/obmalloc.o Objects/obmalloc.c
gcc -pthread -c -Wno-unused-result -Wsign-compare -DNDEBUG -g -fwrapv -O3 -Wall    -std=c99 -Wextra -Wno-unused-result -Wno-unused-parameter -Wno-missing-field-initializers -Werror=implicit-function-declaration  -I./Include/internal  -I. -I./Include    -DPy_BUILD_CORE -o Objects/capsule.o Objects/capsule.c
gcc -pthread -c -Wno-unused-result -Wsign-compare -DNDEBUG -g -fwrapv -O3 -Wall    -std=c99 -Wextra -Wno-unused-result -Wno-unused-parameter -Wno-missing-field-initializers -Werror=implicit-function-declaration  -I./Include/internal  -I. -I./Include    -DPy_BUILD_CORE -o Objects/rangeobject.o Objects/rangeobject.c
gcc -pthread -c -Wno-unused-result -Wsign-compare -DNDEBUG -g -fwrapv -O3 -Wall    -std=c99 -Wextra -Wno-unused-result -Wno-unused-parameter -Wno-missing-field-initializers -Werror=implicit-function-declaration  -I./Include/internal  -I. -I./Include    -DPy_BUILD_CORE -o Objects/setobject.o Objects/setobject.c
gcc -pthread -c -Wno-unused-result -Wsign-compare -DNDEBUG -g -fwrapv -O3 -Wall    -std=c99 -Wextra -Wno-unused-result -Wno-unused-parameter -Wno-missing-field-initializers -Werror=implicit-function-declaration  -I./Include/internal  -I. -I./Include    -DPy_BUILD_CORE -o Objects/sliceobject.o Objects/sliceobject.c
gcc -pthread -c -Wno-unused-result -Wsign-compare -DNDEBUG -g -fwrapv -O3 -Wall    -std=c99 -Wextra -Wno-unused-result -Wno-unused-parameter -Wno-missing-field-initializers -Werror=implicit-function-declaration  -I./Include/internal  -I. -I./Include    -DPy_BUILD_CORE -o Objects/structseq.o Objects/structseq.c
gcc -pthread -c -Wno-unused-result -Wsign-compare -DNDEBUG -g -fwrapv -O3 -Wall    -std=c99 -Wextra -Wno-unused-result -Wno-unused-parameter -Wno-missing-field-initializers -Werror=implicit-function-declaration  -I./Include/internal  -I. -I./Include    -DPy_BUILD_CORE -o Objects/tupleobject.o Objects/tupleobject.c
gcc -pthread -c -Wno-unused-result -Wsign-compare -DNDEBUG -g -fwrapv -O3 -Wall    -std=c99 -Wextra -Wno-unused-result -Wno-unused-parameter -Wno-missing-field-initializers -Werror=implicit-function-declaration  -I./Include/internal  -I. -I./Include    -DPy_BUILD_CORE -o Objects/typeobject.o Objects/typeobject.c
gcc -pthread -c -Wno-unused-result -Wsign-compare -DNDEBUG -g -fwrapv -O3 -Wall    -std=c99 -Wextra -Wno-unused-result -Wno-unused-parameter -Wno-missing-field-initializers -Werror=implicit-function-declaration  -I./Include/internal  -I. -I./Include    -DPy_BUILD_CORE -o Objects/unicodeobject.o Objects/unicodeobject.c
gcc -pthread -c -Wno-unused-result -Wsign-compare -DNDEBUG -g -fwrapv -O3 -Wall    -std=c99 -Wextra -Wno-unused-result -Wno-unused-parameter -Wno-missing-field-initializers -Werror=implicit-function-declaration  -I./Include/internal  -I. -I./Include    -DPy_BUILD_CORE -o Objects/unicodectype.o Objects/unicodectype.c
gcc -pthread -c -Wno-unused-result -Wsign-compare -DNDEBUG -g -fwrapv -O3 -Wall    -std=c99 -Wextra -Wno-unused-result -Wno-unused-parameter -Wno-missing-field-initializers -Werror=implicit-function-declaration  -I./Include/internal  -I. -I./Include    -DPy_BUILD_CORE -o Objects/weakrefobject.o Objects/weakrefobject.c
gcc -pthread -c -Wno-unused-result -Wsign-compare -DNDEBUG -g -fwrapv -O3 -Wall    -std=c99 -Wextra -Wno-unused-result -Wno-unused-parameter -Wno-missing-field-initializers -Werror=implicit-function-declaration  -I./Include/internal  -I. -I./Include    -DPy_BUILD_CORE -o Python/_warnings.o Python/_warnings.c
gcc -pthread -c -Wno-unused-result -Wsign-compare -DNDEBUG -g -fwrapv -O3 -Wall    -std=c99 -Wextra -Wno-unused-result -Wno-unused-parameter -Wno-missing-field-initializers -Werror=implicit-function-declaration  -I./Include/internal  -I. -I./Include    -DPy_BUILD_CORE -o Python/Python-ast.o Python/Python-ast.c
gcc -pthread -c -Wno-unused-result -Wsign-compare -DNDEBUG -g -fwrapv -O3 -Wall    -std=c99 -Wextra -Wno-unused-result -Wno-unused-parameter -Wno-missing-field-initializers -Werror=implicit-function-declaration  -I./Include/internal  -I. -I./Include    -DPy_BUILD_CORE -o Python/asdl.o Python/asdl.c
gcc -pthread -c -Wno-unused-result -Wsign-compare -DNDEBUG -g -fwrapv -O3 -Wall    -std=c99 -Wextra -Wno-unused-result -Wno-unused-parameter -Wno-missing-field-initializers -Werror=implicit-function-declaration  -I./Include/internal  -I. -I./Include    -DPy_BUILD_CORE -o Python/ast.o Python/ast.c
gcc -pthread -c -Wno-unused-result -Wsign-compare -DNDEBUG -g -fwrapv -O3 -Wall    -std=c99 -Wextra -Wno-unused-result -Wno-unused-parameter -Wno-missing-field-initializers -Werror=implicit-function-declaration  -I./Include/internal  -I. -I./Include    -DPy_BUILD_CORE -o Python/ast_opt.o Python/ast_opt.c
gcc -pthread -c -Wno-unused-result -Wsign-compare -DNDEBUG -g -fwrapv -O3 -Wall    -std=c99 -Wextra -Wno-unused-result -Wno-unused-parameter -Wno-missing-field-initializers -Werror=implicit-function-declaration  -I./Include/internal  -I. -I./Include    -DPy_BUILD_CORE -o Python/ast_unparse.o Python/ast_unparse.c
gcc -pthread -c -Wno-unused-result -Wsign-compare -DNDEBUG -g -fwrapv -O3 -Wall    -std=c99 -Wextra -Wno-unused-result -Wno-unused-parameter -Wno-missing-field-initializers -Werror=implicit-function-declaration  -I./Include/internal  -I. -I./Include    -DPy_BUILD_CORE -o Python/bltinmodule.o Python/bltinmodule.c
gcc -pthread -c -Wno-unused-result -Wsign-compare -DNDEBUG -g -fwrapv -O3 -Wall    -std=c99 -Wextra -Wno-unused-result -Wno-unused-parameter -Wno-missing-field-initializers -Werror=implicit-function-declaration  -I./Include/internal  -I. -I./Include    -DPy_BUILD_CORE -o Python/ceval.o Python/ceval.c
gcc -pthread -c -Wno-unused-result -Wsign-compare -DNDEBUG -g -fwrapv -O3 -Wall    -std=c99 -Wextra -Wno-unused-result -Wno-unused-parameter -Wno-missing-field-initializers -Werror=implicit-function-declaration  -I./Include/internal  -I. -I./Include    -DPy_BUILD_CORE -o Python/codecs.o Python/codecs.c
gcc -pthread -c -Wno-unused-result -Wsign-compare -DNDEBUG -g -fwrapv -O3 -Wall    -std=c99 -Wextra -Wno-unused-result -Wno-unused-parameter -Wno-missing-field-initializers -Werror=implicit-function-declaration  -I./Include/internal  -I. -I./Include    -DPy_BUILD_CORE -o Python/compile.o Python/compile.c
gcc -pthread -c -Wno-unused-result -Wsign-compare -DNDEBUG -g -fwrapv -O3 -Wall    -std=c99 -Wextra -Wno-unused-result -Wno-unused-parameter -Wno-missing-field-initializers -Werror=implicit-function-declaration  -I./Include/internal  -I. -I./Include    -DPy_BUILD_CORE -o Python/coreconfig.o Python/coreconfig.c
gcc -pthread -c -Wno-unused-result -Wsign-compare -DNDEBUG -g -fwrapv -O3 -Wall    -std=c99 -Wextra -Wno-unused-result -Wno-unused-parameter -Wno-missing-field-initializers -Werror=implicit-function-declaration  -I./Include/internal  -I. -I./Include    -DPy_BUILD_CORE -o Python/dynamic_annotations.o Python/dynamic_annotations.c
gcc -pthread -c -Wno-unused-result -Wsign-compare -DNDEBUG -g -fwrapv -O3 -Wall    -std=c99 -Wextra -Wno-unused-result -Wno-unused-parameter -Wno-missing-field-initializers -Werror=implicit-function-declaration  -I./Include/internal  -I. -I./Include    -DPy_BUILD_CORE -o Python/errors.o Python/errors.c
gcc -pthread -c -Wno-unused-result -Wsign-compare -DNDEBUG -g -fwrapv -O3 -Wall    -std=c99 -Wextra -Wno-unused-result -Wno-unused-parameter -Wno-missing-field-initializers -Werror=implicit-function-declaration  -I./Include/internal  -I. -I./Include    -DPy_BUILD_CORE -o Python/frozenmain.o Python/frozenmain.c
gcc -pthread -c -Wno-unused-result -Wsign-compare -DNDEBUG -g -fwrapv -O3 -Wall    -std=c99 -Wextra -Wno-unused-result -Wno-unused-parameter -Wno-missing-field-initializers -Werror=implicit-function-declaration  -I./Include/internal  -I. -I./Include    -DPy_BUILD_CORE -o Python/future.o Python/future.c
gcc -pthread -c -Wno-unused-result -Wsign-compare -DNDEBUG -g -fwrapv -O3 -Wall    -std=c99 -Wextra -Wno-unused-result -Wno-unused-parameter -Wno-missing-field-initializers -Werror=implicit-function-declaration  -I./Include/internal  -I. -I./Include    -DPy_BUILD_CORE -o Python/getargs.o Python/getargs.c
gcc -pthread -c -Wno-unused-result -Wsign-compare -DNDEBUG -g -fwrapv -O3 -Wall    -std=c99 -Wextra -Wno-unused-result -Wno-unused-parameter -Wno-missing-field-initializers -Werror=implicit-function-declaration  -I./Include/internal  -I. -I./Include    -DPy_BUILD_CORE -o Python/getcompiler.o Python/getcompiler.c
gcc -pthread -c -Wno-unused-result -Wsign-compare -DNDEBUG -g -fwrapv -O3 -Wall    -std=c99 -Wextra -Wno-unused-result -Wno-unused-parameter -Wno-missing-field-initializers -Werror=implicit-function-declaration  -I./Include/internal  -I. -I./Include    -DPy_BUILD_CORE -o Python/getcopyright.o Python/getcopyright.c
gcc -pthread -c -Wno-unused-result -Wsign-compare -DNDEBUG -g -fwrapv -O3 -Wall    -std=c99 -Wextra -Wno-unused-result -Wno-unused-parameter -Wno-missing-field-initializers -Werror=implicit-function-declaration  -I./Include/internal  -I. -I./Include    -DPy_BUILD_CORE -DPLATFORM='"linux"' -o Python/getplatform.o ./Python/getplatform.c
gcc -pthread -c -Wno-unused-result -Wsign-compare -DNDEBUG -g -fwrapv -O3 -Wall    -std=c99 -Wextra -Wno-unused-result -Wno-unused-parameter -Wno-missing-field-initializers -Werror=implicit-function-declaration  -I./Include/internal  -I. -I./Include    -DPy_BUILD_CORE -o Python/getversion.o Python/getversion.c
gcc -pthread -c -Wno-unused-result -Wsign-compare -DNDEBUG -g -fwrapv -O3 -Wall    -std=c99 -Wextra -Wno-unused-result -Wno-unused-parameter -Wno-missing-field-initializers -Werror=implicit-function-declaration  -I./Include/internal  -I. -I./Include    -DPy_BUILD_CORE -o Python/graminit.o Python/graminit.c
gcc -pthread -c -Wno-unused-result -Wsign-compare -DNDEBUG -g -fwrapv -O3 -Wall    -std=c99 -Wextra -Wno-unused-result -Wno-unused-parameter -Wno-missing-field-initializers -Werror=implicit-function-declaration  -I./Include/internal  -I. -I./Include    -DPy_BUILD_CORE -o Python/import.o Python/import.c
gcc -pthread -c -Wno-unused-result -Wsign-compare -DNDEBUG -g -fwrapv -O3 -Wall    -std=c99 -Wextra -Wno-unused-result -Wno-unused-parameter -Wno-missing-field-initializers -Werror=implicit-function-declaration  -I./Include/internal  -I. -I./Include    -DPy_BUILD_CORE -I. -o Python/importdl.o ./Python/importdl.c
gcc -pthread -c -Wno-unused-result -Wsign-compare -DNDEBUG -g -fwrapv -O3 -Wall    -std=c99 -Wextra -Wno-unused-result -Wno-unused-parameter -Wno-missing-field-initializers -Werror=implicit-function-declaration  -I./Include/internal  -I. -I./Include    -DPy_BUILD_CORE -o Python/marshal.o Python/marshal.c
gcc -pthread -c -Wno-unused-result -Wsign-compare -DNDEBUG -g -fwrapv -O3 -Wall    -std=c99 -Wextra -Wno-unused-result -Wno-unused-parameter -Wno-missing-field-initializers -Werror=implicit-function-declaration  -I./Include/internal  -I. -I./Include    -DPy_BUILD_CORE -o Python/modsupport.o Python/modsupport.c
gcc -pthread -c -Wno-unused-result -Wsign-compare -DNDEBUG -g -fwrapv -O3 -Wall    -std=c99 -Wextra -Wno-unused-result -Wno-unused-parameter -Wno-missing-field-initializers -Werror=implicit-function-declaration  -I./Include/internal  -I. -I./Include    -DPy_BUILD_CORE -o Python/mysnprintf.o Python/mysnprintf.c
gcc -pthread -c -Wno-unused-result -Wsign-compare -DNDEBUG -g -fwrapv -O3 -Wall    -std=c99 -Wextra -Wno-unused-result -Wno-unused-parameter -Wno-missing-field-initializers -Werror=implicit-function-declaration  -I./Include/internal  -I. -I./Include    -DPy_BUILD_CORE -o Python/mystrtoul.o Python/mystrtoul.c
gcc -pthread -c -Wno-unused-result -Wsign-compare -DNDEBUG -g -fwrapv -O3 -Wall    -std=c99 -Wextra -Wno-unused-result -Wno-unused-parameter -Wno-missing-field-initializers -Werror=implicit-function-declaration  -I./Include/internal  -I. -I./Include    -DPy_BUILD_CORE -o Python/pathconfig.o Python/pathconfig.c
gcc -pthread -c -Wno-unused-result -Wsign-compare -DNDEBUG -g -fwrapv -O3 -Wall    -std=c99 -Wextra -Wno-unused-result -Wno-unused-parameter -Wno-missing-field-initializers -Werror=implicit-function-declaration  -I./Include/internal  -I. -I./Include    -DPy_BUILD_CORE -o Python/peephole.o Python/peephole.c
gcc -pthread -c -Wno-unused-result -Wsign-compare -DNDEBUG -g -fwrapv -O3 -Wall    -std=c99 -Wextra -Wno-unused-result -Wno-unused-parameter -Wno-missing-field-initializers -Werror=implicit-function-declaration  -I./Include/internal  -I. -I./Include    -DPy_BUILD_CORE -o Python/preconfig.o Python/preconfig.c
gcc -pthread -c -Wno-unused-result -Wsign-compare -DNDEBUG -g -fwrapv -O3 -Wall    -std=c99 -Wextra -Wno-unused-result -Wno-unused-parameter -Wno-missing-field-initializers -Werror=implicit-function-declaration  -I./Include/internal  -I. -I./Include    -DPy_BUILD_CORE -o Python/pyarena.o Python/pyarena.c
gcc -pthread -c -Wno-unused-result -Wsign-compare -DNDEBUG -g -fwrapv -O3 -Wall    -std=c99 -Wextra -Wno-unused-result -Wno-unused-parameter -Wno-missing-field-initializers -Werror=implicit-function-declaration  -I./Include/internal  -I. -I./Include    -DPy_BUILD_CORE -o Python/pyctype.o Python/pyctype.c
gcc -pthread -c -Wno-unused-result -Wsign-compare -DNDEBUG -g -fwrapv -O3 -Wall    -std=c99 -Wextra -Wno-unused-result -Wno-unused-parameter -Wno-missing-field-initializers -Werror=implicit-function-declaration  -I./Include/internal  -I. -I./Include    -DPy_BUILD_CORE -o Python/pyfpe.o Python/pyfpe.c
gcc -pthread -c -Wno-unused-result -Wsign-compare -DNDEBUG -g -fwrapv -O3 -Wall    -std=c99 -Wextra -Wno-unused-result -Wno-unused-parameter -Wno-missing-field-initializers -Werror=implicit-function-declaration  -I./Include/internal  -I. -I./Include    -DPy_BUILD_CORE -o Python/pyhash.o Python/pyhash.c
gcc -pthread -c -Wno-unused-result -Wsign-compare -DNDEBUG -g -fwrapv -O3 -Wall    -std=c99 -Wextra -Wno-unused-result -Wno-unused-parameter -Wno-missing-field-initializers -Werror=implicit-function-declaration  -I./Include/internal  -I. -I./Include    -DPy_BUILD_CORE -o Python/pylifecycle.o Python/pylifecycle.c
gcc -pthread -c -Wno-unused-result -Wsign-compare -DNDEBUG -g -fwrapv -O3 -Wall    -std=c99 -Wextra -Wno-unused-result -Wno-unused-parameter -Wno-missing-field-initializers -Werror=implicit-function-declaration  -I./Include/internal  -I. -I./Include    -DPy_BUILD_CORE -o Python/pymath.o Python/pymath.c
gcc -pthread -c -Wno-unused-result -Wsign-compare -DNDEBUG -g -fwrapv -O3 -Wall    -std=c99 -Wextra -Wno-unused-result -Wno-unused-parameter -Wno-missing-field-initializers -Werror=implicit-function-declaration  -I./Include/internal  -I. -I./Include    -DPy_BUILD_CORE -o Python/pystate.o Python/pystate.c
gcc -pthread -c -Wno-unused-result -Wsign-compare -DNDEBUG -g -fwrapv -O3 -Wall    -std=c99 -Wextra -Wno-unused-result -Wno-unused-parameter -Wno-missing-field-initializers -Werror=implicit-function-declaration  -I./Include/internal  -I. -I./Include    -DPy_BUILD_CORE -o Python/context.o Python/context.c
gcc -pthread -c -Wno-unused-result -Wsign-compare -DNDEBUG -g -fwrapv -O3 -Wall    -std=c99 -Wextra -Wno-unused-result -Wno-unused-parameter -Wno-missing-field-initializers -Werror=implicit-function-declaration  -I./Include/internal  -I. -I./Include    -DPy_BUILD_CORE -o Python/hamt.o Python/hamt.c
gcc -pthread -c -Wno-unused-result -Wsign-compare -DNDEBUG -g -fwrapv -O3 -Wall    -std=c99 -Wextra -Wno-unused-result -Wno-unused-parameter -Wno-missing-field-initializers -Werror=implicit-function-declaration  -I./Include/internal  -I. -I./Include    -DPy_BUILD_CORE -o Python/pythonrun.o Python/pythonrun.c
gcc -pthread -c -Wno-unused-result -Wsign-compare -DNDEBUG -g -fwrapv -O3 -Wall    -std=c99 -Wextra -Wno-unused-result -Wno-unused-parameter -Wno-missing-field-initializers -Werror=implicit-function-declaration  -I./Include/internal  -I. -I./Include    -DPy_BUILD_CORE -o Python/pytime.o Python/pytime.c
gcc -pthread -c -Wno-unused-result -Wsign-compare -DNDEBUG -g -fwrapv -O3 -Wall    -std=c99 -Wextra -Wno-unused-result -Wno-unused-parameter -Wno-missing-field-initializers -Werror=implicit-function-declaration  -I./Include/internal  -I. -I./Include    -DPy_BUILD_CORE -o Python/bootstrap_hash.o Python/bootstrap_hash.c
gcc -pthread -c -Wno-unused-result -Wsign-compare -DNDEBUG -g -fwrapv -O3 -Wall    -std=c99 -Wextra -Wno-unused-result -Wno-unused-parameter -Wno-missing-field-initializers -Werror=implicit-function-declaration  -I./Include/internal  -I. -I./Include    -DPy_BUILD_CORE -o Python/structmember.o Python/structmember.c
gcc -pthread -c -Wno-unused-result -Wsign-compare -DNDEBUG -g -fwrapv -O3 -Wall    -std=c99 -Wextra -Wno-unused-result -Wno-unused-parameter -Wno-missing-field-initializers -Werror=implicit-function-declaration  -I./Include/internal  -I. -I./Include    -DPy_BUILD_CORE -o Python/symtable.o Python/symtable.c
gcc -pthread -c -Wno-unused-result -Wsign-compare -DNDEBUG -g -fwrapv -O3 -Wall    -std=c99 -Wextra -Wno-unused-result -Wno-unused-parameter -Wno-missing-field-initializers -Werror=implicit-function-declaration  -I./Include/internal  -I. -I./Include    -DPy_BUILD_CORE \
	-DABIFLAGS='"m"' \
	-DMULTIARCH=\"x86_64-linux-gnu\" \
	-o Python/sysmodule.o ./Python/sysmodule.c
gcc -pthread -c -Wno-unused-result -Wsign-compare -DNDEBUG -g -fwrapv -O3 -Wall    -std=c99 -Wextra -Wno-unused-result -Wno-unused-parameter -Wno-missing-field-initializers -Werror=implicit-function-declaration  -I./Include/internal  -I. -I./Include    -DPy_BUILD_CORE -o Python/thread.o Python/thread.c
gcc -pthread -c -Wno-unused-result -Wsign-compare -DNDEBUG -g -fwrapv -O3 -Wall    -std=c99 -Wextra -Wno-unused-result -Wno-unused-parameter -Wno-missing-field-initializers -Werror=implicit-function-declaration  -I./Include/internal  -I. -I./Include    -DPy_BUILD_CORE -o Python/traceback.o Python/traceback.c
gcc -pthread -c -Wno-unused-result -Wsign-compare -DNDEBUG -g -fwrapv -O3 -Wall    -std=c99 -Wextra -Wno-unused-result -Wno-unused-parameter -Wno-missing-field-initializers -Werror=implicit-function-declaration  -I./Include/internal  -I. -I./Include    -DPy_BUILD_CORE -o Python/getopt.o Python/getopt.c
gcc -pthread -c -Wno-unused-result -Wsign-compare -DNDEBUG -g -fwrapv -O3 -Wall    -std=c99 -Wextra -Wno-unused-result -Wno-unused-parameter -Wno-missing-field-initializers -Werror=implicit-function-declaration  -I./Include/internal  -I. -I./Include    -DPy_BUILD_CORE -o Python/pystrcmp.o Python/pystrcmp.c
gcc -pthread -c -Wno-unused-result -Wsign-compare -DNDEBUG -g -fwrapv -O3 -Wall    -std=c99 -Wextra -Wno-unused-result -Wno-unused-parameter -Wno-missing-field-initializers -Werror=implicit-function-declaration  -I./Include/internal  -I. -I./Include    -DPy_BUILD_CORE -o Python/pystrtod.o Python/pystrtod.c
gcc -pthread -c -Wno-unused-result -Wsign-compare -DNDEBUG -g -fwrapv -O3 -Wall    -std=c99 -Wextra -Wno-unused-result -Wno-unused-parameter -Wno-missing-field-initializers -Werror=implicit-function-declaration  -I./Include/internal  -I. -I./Include    -DPy_BUILD_CORE -o Python/pystrhex.o Python/pystrhex.c
gcc -pthread -c -Wno-unused-result -Wsign-compare -DNDEBUG -g -fwrapv -O3 -Wall    -std=c99 -Wextra -Wno-unused-result -Wno-unused-parameter -Wno-missing-field-initializers -Werror=implicit-function-declaration  -I./Include/internal  -I. -I./Include    -DPy_BUILD_CORE  -o Python/dtoa.o Python/dtoa.c
gcc -pthread -c -Wno-unused-result -Wsign-compare -DNDEBUG -g -fwrapv -O3 -Wall    -std=c99 -Wextra -Wno-unused-result -Wno-unused-parameter -Wno-missing-field-initializers -Werror=implicit-function-declaration  -I./Include/internal  -I. -I./Include    -DPy_BUILD_CORE -o Python/formatter_unicode.o Python/formatter_unicode.c
gcc -pthread -c -Wno-unused-result -Wsign-compare -DNDEBUG -g -fwrapv -O3 -Wall    -std=c99 -Wextra -Wno-unused-result -Wno-unused-parameter -Wno-missing-field-initializers -Werror=implicit-function-declaration  -I./Include/internal  -I. -I./Include    -DPy_BUILD_CORE -o Python/fileutils.o Python/fileutils.c
gcc -pthread -c -Wno-unused-result -Wsign-compare -DNDEBUG -g -fwrapv -O3 -Wall    -std=c99 -Wextra -Wno-unused-result -Wno-unused-parameter -Wno-missing-field-initializers -Werror=implicit-function-declaration  -I./Include/internal  -I. -I./Include    -DPy_BUILD_CORE \
	-DSOABI='"cpython-38m-x86_64-linux-gnu"' \
	-o Python/dynload_shlib.o ./Python/dynload_shlib.c
gcc -pthread -c -Wno-unused-result -Wsign-compare -DNDEBUG -g -fwrapv -O3 -Wall    -std=c99 -Wextra -Wno-unused-result -Wno-unused-parameter -Wno-missing-field-initializers -Werror=implicit-function-declaration  -I./Include/internal  -I. -I./Include    -DPy_BUILD_CORE -o Modules/config.o Modules/config.c
gcc -pthread -c -Wno-unused-result -Wsign-compare -DNDEBUG -g -fwrapv -O3 -Wall    -std=c99 -Wextra -Wno-unused-result -Wno-unused-parameter -Wno-missing-field-initializers -Werror=implicit-function-declaration  -I./Include/internal  -I. -I./Include    -DPy_BUILD_CORE -DPYTHONPATH='""' \
	-DPREFIX='"/usr/local"' \
	-DEXEC_PREFIX='"/usr/local"' \
	-DVERSION='"3.8"' \
	-DVPATH='""' \
	-o Modules/getpath.o ./Modules/getpath.c
gcc -pthread -c -Wno-unused-result -Wsign-compare -DNDEBUG -g -fwrapv -O3 -Wall    -std=c99 -Wextra -Wno-unused-result -Wno-unused-parameter -Wno-missing-field-initializers -Werror=implicit-function-declaration  -I./Include/internal  -I. -I./Include    -DPy_BUILD_CORE -o Modules/main.o Modules/main.c
gcc -pthread -c -Wno-unused-result -Wsign-compare -DNDEBUG -g -fwrapv -O3 -Wall    -std=c99 -Wextra -Wno-unused-result -Wno-unused-parameter -Wno-missing-field-initializers -Werror=implicit-function-declaration  -I./Include/internal  -I. -I./Include    -DPy_BUILD_CORE -o Modules/gcmodule.o Modules/gcmodule.c
gcc -pthread -Wno-unused-result -Wsign-compare -DNDEBUG -g -fwrapv -O3 -Wall    -std=c99 -Wextra -Wno-unused-result -Wno-unused-parameter -Wno-missing-field-initializers -Werror=implicit-function-declaration  -I./Include/internal  -I. -I./Include    -DPy_BUILD_CORE_BUILTIN  -DPy_BUILD_CORE -I./Include/internal -c ./Modules/posixmodule.c -o Modules/posixmodule.o
gcc -pthread -Wno-unused-result -Wsign-compare -DNDEBUG -g -fwrapv -O3 -Wall    -std=c99 -Wextra -Wno-unused-result -Wno-unused-parameter -Wno-missing-field-initializers -Werror=implicit-function-declaration  -I./Include/internal  -I. -I./Include    -DPy_BUILD_CORE_BUILTIN  -c ./Modules/errnomodule.c -o Modules/errnomodule.o
gcc -pthread -Wno-unused-result -Wsign-compare -DNDEBUG -g -fwrapv -O3 -Wall    -std=c99 -Wextra -Wno-unused-result -Wno-unused-parameter -Wno-missing-field-initializers -Werror=implicit-function-declaration  -I./Include/internal  -I. -I./Include    -DPy_BUILD_CORE_BUILTIN  -c ./Modules/pwdmodule.c -o Modules/pwdmodule.o
gcc -pthread -Wno-unused-result -Wsign-compare -DNDEBUG -g -fwrapv -O3 -Wall    -std=c99 -Wextra -Wno-unused-result -Wno-unused-parameter -Wno-missing-field-initializers -Werror=implicit-function-declaration  -I./Include/internal  -I. -I./Include    -DPy_BUILD_CORE_BUILTIN  -c ./Modules/_sre.c -o Modules/_sre.o
gcc -pthread -Wno-unused-result -Wsign-compare -DNDEBUG -g -fwrapv -O3 -Wall    -std=c99 -Wextra -Wno-unused-result -Wno-unused-parameter -Wno-missing-field-initializers -Werror=implicit-function-declaration  -I./Include/internal  -I. -I./Include    -DPy_BUILD_CORE_BUILTIN  -c ./Modules/_codecsmodule.c -o Modules/_codecsmodule.o
gcc -pthread -Wno-unused-result -Wsign-compare -DNDEBUG -g -fwrapv -O3 -Wall    -std=c99 -Wextra -Wno-unused-result -Wno-unused-parameter -Wno-missing-field-initializers -Werror=implicit-function-declaration  -I./Include/internal  -I. -I./Include    -DPy_BUILD_CORE_BUILTIN  -c ./Modules/_weakref.c -o Modules/_weakref.o
gcc -pthread -Wno-unused-result -Wsign-compare -DNDEBUG -g -fwrapv -O3 -Wall    -std=c99 -Wextra -Wno-unused-result -Wno-unused-parameter -Wno-missing-field-initializers -Werror=implicit-function-declaration  -I./Include/internal  -I. -I./Include    -DPy_BUILD_CORE_BUILTIN  -DPy_BUILD_CORE -I./Include/internal -c ./Modules/_functoolsmodule.c -o Modules/_functoolsmodule.o
gcc -pthread -Wno-unused-result -Wsign-compare -DNDEBUG -g -fwrapv -O3 -Wall    -std=c99 -Wextra -Wno-unused-result -Wno-unused-parameter -Wno-missing-field-initializers -Werror=implicit-function-declaration  -I./Include/internal  -I. -I./Include    -DPy_BUILD_CORE_BUILTIN  -c ./Modules/_operator.c -o Modules/_operator.o
gcc -pthread -Wno-unused-result -Wsign-compare -DNDEBUG -g -fwrapv -O3 -Wall    -std=c99 -Wextra -Wno-unused-result -Wno-unused-parameter -Wno-missing-field-initializers -Werror=implicit-function-declaration  -I./Include/internal  -I. -I./Include    -DPy_BUILD_CORE_BUILTIN  -c ./Modules/_collectionsmodule.c -o Modules/_collectionsmodule.o
gcc -pthread -Wno-unused-result -Wsign-compare -DNDEBUG -g -fwrapv -O3 -Wall    -std=c99 -Wextra -Wno-unused-result -Wno-unused-parameter -Wno-missing-field-initializers -Werror=implicit-function-declaration  -I./Include/internal  -I. -I./Include    -DPy_BUILD_CORE_BUILTIN  -c ./Modules/_abc.c -o Modules/_abc.o
gcc -pthread -Wno-unused-result -Wsign-compare -DNDEBUG -g -fwrapv -O3 -Wall    -std=c99 -Wextra -Wno-unused-result -Wno-unused-parameter -Wno-missing-field-initializers -Werror=implicit-function-declaration  -I./Include/internal  -I. -I./Include    -DPy_BUILD_CORE_BUILTIN  -c ./Modules/itertoolsmodule.c -o Modules/itertoolsmodule.o
gcc -pthread -Wno-unused-result -Wsign-compare -DNDEBUG -g -fwrapv -O3 -Wall    -std=c99 -Wextra -Wno-unused-result -Wno-unused-parameter -Wno-missing-field-initializers -Werror=implicit-function-declaration  -I./Include/internal  -I. -I./Include    -DPy_BUILD_CORE_BUILTIN  -c ./Modules/atexitmodule.c -o Modules/atexitmodule.o
gcc -pthread -Wno-unused-result -Wsign-compare -DNDEBUG -g -fwrapv -O3 -Wall    -std=c99 -Wextra -Wno-unused-result -Wno-unused-parameter -Wno-missing-field-initializers -Werror=implicit-function-declaration  -I./Include/internal  -I. -I./Include    -DPy_BUILD_CORE_BUILTIN  -DPy_BUILD_CORE -I./Include/internal -c ./Modules/signalmodule.c -o Modules/signalmodule.o
gcc -pthread -Wno-unused-result -Wsign-compare -DNDEBUG -g -fwrapv -O3 -Wall    -std=c99 -Wextra -Wno-unused-result -Wno-unused-parameter -Wno-missing-field-initializers -Werror=implicit-function-declaration  -I./Include/internal  -I. -I./Include    -DPy_BUILD_CORE_BUILTIN  -c ./Modules/_stat.c -o Modules/_stat.o
gcc -pthread -Wno-unused-result -Wsign-compare -DNDEBUG -g -fwrapv -O3 -Wall    -std=c99 -Wextra -Wno-unused-result -Wno-unused-parameter -Wno-missing-field-initializers -Werror=implicit-function-declaration  -I./Include/internal  -I. -I./Include    -DPy_BUILD_CORE_BUILTIN  -DPy_BUILD_CORE -I./Include/internal -c ./Modules/timemodule.c -o Modules/timemodule.o
gcc -pthread -Wno-unused-result -Wsign-compare -DNDEBUG -g -fwrapv -O3 -Wall    -std=c99 -Wextra -Wno-unused-result -Wno-unused-parameter -Wno-missing-field-initializers -Werror=implicit-function-declaration  -I./Include/internal  -I. -I./Include    -DPy_BUILD_CORE_BUILTIN  -DPy_BUILD_CORE -I./Include/internal -c ./Modules/_threadmodule.c -o Modules/_threadmodule.o
gcc -pthread -Wno-unused-result -Wsign-compare -DNDEBUG -g -fwrapv -O3 -Wall    -std=c99 -Wextra -Wno-unused-result -Wno-unused-parameter -Wno-missing-field-initializers -Werror=implicit-function-declaration  -I./Include/internal  -I. -I./Include    -DPy_BUILD_CORE_BUILTIN  -DPy_BUILD_CORE -c ./Modules/_localemodule.c -o Modules/_localemodule.o
gcc -pthread -Wno-unused-result -Wsign-compare -DNDEBUG -g -fwrapv -O3 -Wall    -std=c99 -Wextra -Wno-unused-result -Wno-unused-parameter -Wno-missing-field-initializers -Werror=implicit-function-declaration  -I./Include/internal  -I. -I./Include    -DPy_BUILD_CORE_BUILTIN  -DPy_BUILD_CORE -I./Include/internal -I./Modules/_io -c ./Modules/_io/_iomodule.c -o Modules/_iomodule.o
gcc -pthread -Wno-unused-result -Wsign-compare -DNDEBUG -g -fwrapv -O3 -Wall    -std=c99 -Wextra -Wno-unused-result -Wno-unused-parameter -Wno-missing-field-initializers -Werror=implicit-function-declaration  -I./Include/internal  -I. -I./Include    -DPy_BUILD_CORE_BUILTIN  -DPy_BUILD_CORE -I./Include/internal -I./Modules/_io -c ./Modules/_io/iobase.c -o Modules/iobase.o
gcc -pthread -Wno-unused-result -Wsign-compare -DNDEBUG -g -fwrapv -O3 -Wall    -std=c99 -Wextra -Wno-unused-result -Wno-unused-parameter -Wno-missing-field-initializers -Werror=implicit-function-declaration  -I./Include/internal  -I. -I./Include    -DPy_BUILD_CORE_BUILTIN  -DPy_BUILD_CORE -I./Include/internal -I./Modules/_io -c ./Modules/_io/fileio.c -o Modules/fileio.o
gcc -pthread -Wno-unused-result -Wsign-compare -DNDEBUG -g -fwrapv -O3 -Wall    -std=c99 -Wextra -Wno-unused-result -Wno-unused-parameter -Wno-missing-field-initializers -Werror=implicit-function-declaration  -I./Include/internal  -I. -I./Include    -DPy_BUILD_CORE_BUILTIN  -DPy_BUILD_CORE -I./Include/internal -I./Modules/_io -c ./Modules/_io/bytesio.c -o Modules/bytesio.o
gcc -pthread -Wno-unused-result -Wsign-compare -DNDEBUG -g -fwrapv -O3 -Wall    -std=c99 -Wextra -Wno-unused-result -Wno-unused-parameter -Wno-missing-field-initializers -Werror=implicit-function-declaration  -I./Include/internal  -I. -I./Include    -DPy_BUILD_CORE_BUILTIN  -DPy_BUILD_CORE -I./Include/internal -I./Modules/_io -c ./Modules/_io/bufferedio.c -o Modules/bufferedio.o
gcc -pthread -Wno-unused-result -Wsign-compare -DNDEBUG -g -fwrapv -O3 -Wall    -std=c99 -Wextra -Wno-unused-result -Wno-unused-parameter -Wno-missing-field-initializers -Werror=implicit-function-declaration  -I./Include/internal  -I. -I./Include    -DPy_BUILD_CORE_BUILTIN  -DPy_BUILD_CORE -I./Include/internal -I./Modules/_io -c ./Modules/_io/textio.c -o Modules/textio.o
gcc -pthread -Wno-unused-result -Wsign-compare -DNDEBUG -g -fwrapv -O3 -Wall    -std=c99 -Wextra -Wno-unused-result -Wno-unused-parameter -Wno-missing-field-initializers -Werror=implicit-function-declaration  -I./Include/internal  -I. -I./Include    -DPy_BUILD_CORE_BUILTIN  -DPy_BUILD_CORE -I./Include/internal -I./Modules/_io -c ./Modules/_io/stringio.c -o Modules/stringio.o
gcc -pthread -Wno-unused-result -Wsign-compare -DNDEBUG -g -fwrapv -O3 -Wall    -std=c99 -Wextra -Wno-unused-result -Wno-unused-parameter -Wno-missing-field-initializers -Werror=implicit-function-declaration  -I./Include/internal  -I. -I./Include    -DPy_BUILD_CORE_BUILTIN  -c ./Modules/faulthandler.c -o Modules/faulthandler.o
gcc -pthread -Wno-unused-result -Wsign-compare -DNDEBUG -g -fwrapv -O3 -Wall    -std=c99 -Wextra -Wno-unused-result -Wno-unused-parameter -Wno-missing-field-initializers -Werror=implicit-function-declaration  -I./Include/internal  -I. -I./Include    -DPy_BUILD_CORE_BUILTIN  -c ./Modules/_tracemalloc.c -o Modules/_tracemalloc.o
gcc -pthread -Wno-unused-result -Wsign-compare -DNDEBUG -g -fwrapv -O3 -Wall    -std=c99 -Wextra -Wno-unused-result -Wno-unused-parameter -Wno-missing-field-initializers -Werror=implicit-function-declaration  -I./Include/internal  -I. -I./Include    -DPy_BUILD_CORE_BUILTIN  -c ./Modules/hashtable.c -o Modules/hashtable.o
gcc -pthread -Wno-unused-result -Wsign-compare -DNDEBUG -g -fwrapv -O3 -Wall    -std=c99 -Wextra -Wno-unused-result -Wno-unused-parameter -Wno-missing-field-initializers -Werror=implicit-function-declaration  -I./Include/internal  -I. -I./Include    -DPy_BUILD_CORE_BUILTIN  -c ./Modules/symtablemodule.c -o Modules/symtablemodule.o
gcc -pthread -Wno-unused-result -Wsign-compare -DNDEBUG -g -fwrapv -O3 -Wall    -std=c99 -Wextra -Wno-unused-result -Wno-unused-parameter -Wno-missing-field-initializers -Werror=implicit-function-declaration  -I./Include/internal  -I. -I./Include    -DPy_BUILD_CORE_BUILTIN  -c ./Modules/xxsubtype.c -o Modules/xxsubtype.o
gcc -pthread -c -Wno-unused-result -Wsign-compare -DNDEBUG -g -fwrapv -O3 -Wall    -std=c99 -Wextra -Wno-unused-result -Wno-unused-parameter -Wno-missing-field-initializers -Werror=implicit-function-declaration  -I./Include/internal  -I. -I./Include    -DPy_BUILD_CORE -o Python/frozen.o Python/frozen.c
gcc -pthread -c -fPIC -Wno-unused-result -Wsign-compare -DNDEBUG -g -fwrapv -O3 -Wall    -std=c99 -Wextra -Wno-unused-result -Wno-unused-parameter -Wno-missing-field-initializers -Werror=implicit-function-declaration  -I./Include/internal  -I. -I./Include    -DPy_BUILD_CORE -o Modules/_math.o Modules/_math.c
/usr/bin/install -c -m 644 ./Tools/gdb/libpython.py python-gdb.py
gcc -pthread -c -Wno-unused-result -Wsign-compare -DNDEBUG -g -fwrapv -O3 -Wall    -std=c99 -Wextra -Wno-unused-result -Wno-unused-parameter -Wno-missing-field-initializers -Werror=implicit-function-declaration  -I./Include/internal  -I. -I./Include    -DPy_BUILD_CORE -o Programs/_testembed.o ./Programs/_testembed.c
sed -e "s,@EXENAME@,/usr/local/bin/python3.8m," < ./Misc/python-config.in >python-config.py
LC_ALL=C sed -e 's,\$(\([A-Za-z0-9_]*\)),\$\{\1\},g' < Misc/python-config.sh >python-config
gcc -pthread -c -Wno-unused-result -Wsign-compare -DNDEBUG -g -fwrapv -O3 -Wall    -std=c99 -Wextra -Wno-unused-result -Wno-unused-parameter -Wno-missing-field-initializers -Werror=implicit-function-declaration  -I./Include/internal  -I. -I./Include    -DPy_BUILD_CORE \
      -DGITVERSION="\"`LC_ALL=C git --git-dir ./.git rev-parse --short HEAD`\"" \
      -DGITTAG="\"`LC_ALL=C git --git-dir ./.git describe --all --always --dirty`\"" \
      -DGITBRANCH="\"`LC_ALL=C git --git-dir ./.git name-rev --name-only HEAD`\"" \
      -o Modules/getbuildinfo.o ./Modules/getbuildinfo.c
rm -f libpython3.8m.a
ar rcs libpython3.8m.a Modules/getbuildinfo.o Parser/acceler.o Parser/grammar1.o Parser/listnode.o Parser/node.o Parser/parser.o Parser/token.o  Parser/myreadline.o Parser/parsetok.o Parser/tokenizer.o Objects/abstract.o Objects/accu.o Objects/boolobject.o Objects/bytes_methods.o Objects/bytearrayobject.o Objects/bytesobject.o Objects/call.o Objects/cellobject.o Objects/classobject.o Objects/codeobject.o Objects/complexobject.o Objects/descrobject.o Objects/enumobject.o Objects/exceptions.o Objects/genobject.o Objects/fileobject.o Objects/floatobject.o Objects/frameobject.o Objects/funcobject.o Objects/interpreteridobject.o Objects/iterobject.o Objects/listobject.o Objects/longobject.o Objects/dictobject.o Objects/odictobject.o Objects/memoryobject.o Objects/methodobject.o Objects/moduleobject.o Objects/namespaceobject.o Objects/object.o Objects/obmalloc.o Objects/capsule.o Objects/rangeobject.o Objects/setobject.o Objects/sliceobject.o Objects/structseq.o Objects/tupleobject.o Objects/typeobject.o Objects/unicodeobject.o Objects/unicodectype.o Objects/weakrefobject.o Python/_warnings.o Python/Python-ast.o Python/asdl.o Python/ast.o Python/ast_opt.o Python/ast_unparse.o Python/bltinmodule.o Python/ceval.o Python/codecs.o Python/compile.o Python/coreconfig.o Python/dynamic_annotations.o Python/errors.o Python/frozenmain.o Python/future.o Python/getargs.o Python/getcompiler.o Python/getcopyright.o Python/getplatform.o Python/getversion.o Python/graminit.o Python/import.o Python/importdl.o Python/marshal.o Python/modsupport.o Python/mysnprintf.o Python/mystrtoul.o Python/pathconfig.o Python/peephole.o Python/preconfig.o Python/pyarena.o Python/pyctype.o Python/pyfpe.o Python/pyhash.o Python/pylifecycle.o Python/pymath.o Python/pystate.o Python/context.o Python/hamt.o Python/pythonrun.o Python/pytime.o Python/bootstrap_hash.o Python/structmember.o Python/symtable.o Python/sysmodule.o Python/thread.o Python/traceback.o Python/getopt.o Python/pystrcmp.o Python/pystrtod.o Python/pystrhex.o Python/dtoa.o Python/formatter_unicode.o Python/fileutils.o Python/dynload_shlib.o    Modules/config.o Modules/getpath.o Modules/main.o Modules/gcmodule.o Modules/posixmodule.o  Modules/errnomodule.o  Modules/pwdmodule.o  Modules/_sre.o  Modules/_codecsmodule.o  Modules/_weakref.o  Modules/_functoolsmodule.o  Modules/_operator.o  Modules/_collectionsmodule.o  Modules/_abc.o  Modules/itertoolsmodule.o  Modules/atexitmodule.o  Modules/signalmodule.o  Modules/_stat.o  Modules/timemodule.o  Modules/_threadmodule.o  Modules/_localemodule.o  Modules/_iomodule.o Modules/iobase.o Modules/fileio.o Modules/bytesio.o Modules/bufferedio.o Modules/textio.o Modules/stringio.o  Modules/faulthandler.o  Modules/_tracemalloc.o Modules/hashtable.o  Modules/symtablemodule.o  Modules/xxsubtype.o Python/frozen.o
gcc -pthread     -Xlinker -export-dynamic -o python Programs/python.o libpython3.8m.a -lcrypt -lpthread -ldl  -lutil -lm   -lm 
gcc -pthread     -Xlinker -export-dynamic -o Programs/_testembed Programs/_testembed.o libpython3.8m.a -lcrypt -lpthread -ldl  -lutil -lm   -lm 
./python -E -S -m sysconfig --generate-posix-vars ;\
if test $? -ne 0 ; then \
	echo "generate-posix-vars failed" ; \
	rm -f ./pybuilddir.txt ; \
	exit 1 ; \
fi
 CC='gcc -pthread' LDSHARED='gcc -pthread -shared    ' OPT='-DNDEBUG -g -fwrapv -O3 -Wall' 	_TCLTK_INCLUDES='' _TCLTK_LIBS='' 	./python -E ./setup.py  build
running build
running build_ext
INFO: Can't locate Tcl/Tk libs and/or headers
building '_struct' extension
creating build/temp.linux-x86_64-3.8/mnt
creating build/temp.linux-x86_64-3.8/mnt/3a4a987a-73ee-49eb-bc4b-b34ee82abd09
creating build/temp.linux-x86_64-3.8/mnt/3a4a987a-73ee-49eb-bc4b-b34ee82abd09/C++Code
creating build/temp.linux-x86_64-3.8/mnt/3a4a987a-73ee-49eb-bc4b-b34ee82abd09/C++Code/cpython
creating build/temp.linux-x86_64-3.8/mnt/3a4a987a-73ee-49eb-bc4b-b34ee82abd09/C++Code/cpython/Modules
gcc -pthread -fPIC -Wno-unused-result -Wsign-compare -DNDEBUG -g -fwrapv -O3 -Wall -std=c99 -Wextra -Wno-unused-result -Wno-unused-parameter -Wno-missing-field-initializers -Werror=implicit-function-declaration -I./Include/internal -I./Include -I. -I/usr/include/x86_64-linux-gnu -I/usr/local/include -I/mnt/3a4a987a-73ee-49eb-bc4b-b34ee82abd09/C++Code/cpython/Include -I/mnt/3a4a987a-73ee-49eb-bc4b-b34ee82abd09/C++Code/cpython -c /mnt/3a4a987a-73ee-49eb-bc4b-b34ee82abd09/C++Code/cpython/Modules/_struct.c -o build/temp.linux-x86_64-3.8/mnt/3a4a987a-73ee-49eb-bc4b-b34ee82abd09/C++Code/cpython/Modules/_struct.o
gcc -pthread -shared build/temp.linux-x86_64-3.8/mnt/3a4a987a-73ee-49eb-bc4b-b34ee82abd09/C++Code/cpython/Modules/_struct.o -L/usr/lib/x86_64-linux-gnu -L/usr/local/lib -o build/lib.linux-x86_64-3.8/_struct.cpython-38m-x86_64-linux-gnu.so
building 'array' extension
gcc -pthread -fPIC -Wno-unused-result -Wsign-compare -DNDEBUG -g -fwrapv -O3 -Wall -std=c99 -Wextra -Wno-unused-result -Wno-unused-parameter -Wno-missing-field-initializers -Werror=implicit-function-declaration -I./Include/internal -I./Include -I. -I/usr/include/x86_64-linux-gnu -I/usr/local/include -I/mnt/3a4a987a-73ee-49eb-bc4b-b34ee82abd09/C++Code/cpython/Include -I/mnt/3a4a987a-73ee-49eb-bc4b-b34ee82abd09/C++Code/cpython -c /mnt/3a4a987a-73ee-49eb-bc4b-b34ee82abd09/C++Code/cpython/Modules/arraymodule.c -o build/temp.linux-x86_64-3.8/mnt/3a4a987a-73ee-49eb-bc4b-b34ee82abd09/C++Code/cpython/Modules/arraymodule.o
gcc -pthread -shared build/temp.linux-x86_64-3.8/mnt/3a4a987a-73ee-49eb-bc4b-b34ee82abd09/C++Code/cpython/Modules/arraymodule.o -L/usr/lib/x86_64-linux-gnu -L/usr/local/lib -o build/lib.linux-x86_64-3.8/array.cpython-38m-x86_64-linux-gnu.so
building '_contextvars' extension
gcc -pthread -fPIC -Wno-unused-result -Wsign-compare -DNDEBUG -g -fwrapv -O3 -Wall -std=c99 -Wextra -Wno-unused-result -Wno-unused-parameter -Wno-missing-field-initializers -Werror=implicit-function-declaration -I./Include/internal -I./Include -I. -I/usr/include/x86_64-linux-gnu -I/usr/local/include -I/mnt/3a4a987a-73ee-49eb-bc4b-b34ee82abd09/C++Code/cpython/Include -I/mnt/3a4a987a-73ee-49eb-bc4b-b34ee82abd09/C++Code/cpython -c /mnt/3a4a987a-73ee-49eb-bc4b-b34ee82abd09/C++Code/cpython/Modules/_contextvarsmodule.c -o build/temp.linux-x86_64-3.8/mnt/3a4a987a-73ee-49eb-bc4b-b34ee82abd09/C++Code/cpython/Modules/_contextvarsmodule.o
gcc -pthread -shared build/temp.linux-x86_64-3.8/mnt/3a4a987a-73ee-49eb-bc4b-b34ee82abd09/C++Code/cpython/Modules/_contextvarsmodule.o -L/usr/lib/x86_64-linux-gnu -L/usr/local/lib -o build/lib.linux-x86_64-3.8/_contextvars.cpython-38m-x86_64-linux-gnu.so
building 'math' extension
gcc -pthread -fPIC -Wno-unused-result -Wsign-compare -DNDEBUG -g -fwrapv -O3 -Wall -std=c99 -Wextra -Wno-unused-result -Wno-unused-parameter -Wno-missing-field-initializers -Werror=implicit-function-declaration -I./Include/internal -I./Include -I. -I/usr/include/x86_64-linux-gnu -I/usr/local/include -I/mnt/3a4a987a-73ee-49eb-bc4b-b34ee82abd09/C++Code/cpython/Include -I/mnt/3a4a987a-73ee-49eb-bc4b-b34ee82abd09/C++Code/cpython -c /mnt/3a4a987a-73ee-49eb-bc4b-b34ee82abd09/C++Code/cpython/Modules/mathmodule.c -o build/temp.linux-x86_64-3.8/mnt/3a4a987a-73ee-49eb-bc4b-b34ee82abd09/C++Code/cpython/Modules/mathmodule.o
gcc -pthread -shared build/temp.linux-x86_64-3.8/mnt/3a4a987a-73ee-49eb-bc4b-b34ee82abd09/C++Code/cpython/Modules/mathmodule.o Modules/_math.o -L/usr/lib/x86_64-linux-gnu -L/usr/local/lib -lm -o build/lib.linux-x86_64-3.8/math.cpython-38m-x86_64-linux-gnu.so
building 'cmath' extension
gcc -pthread -fPIC -Wno-unused-result -Wsign-compare -DNDEBUG -g -fwrapv -O3 -Wall -std=c99 -Wextra -Wno-unused-result -Wno-unused-parameter -Wno-missing-field-initializers -Werror=implicit-function-declaration -I./Include/internal -I./Include -I. -I/usr/include/x86_64-linux-gnu -I/usr/local/include -I/mnt/3a4a987a-73ee-49eb-bc4b-b34ee82abd09/C++Code/cpython/Include -I/mnt/3a4a987a-73ee-49eb-bc4b-b34ee82abd09/C++Code/cpython -c /mnt/3a4a987a-73ee-49eb-bc4b-b34ee82abd09/C++Code/cpython/Modules/cmathmodule.c -o build/temp.linux-x86_64-3.8/mnt/3a4a987a-73ee-49eb-bc4b-b34ee82abd09/C++Code/cpython/Modules/cmathmodule.o
gcc -pthread -shared build/temp.linux-x86_64-3.8/mnt/3a4a987a-73ee-49eb-bc4b-b34ee82abd09/C++Code/cpython/Modules/cmathmodule.o Modules/_math.o -L/usr/lib/x86_64-linux-gnu -L/usr/local/lib -lm -o build/lib.linux-x86_64-3.8/cmath.cpython-38m-x86_64-linux-gnu.so
building '_datetime' extension
gcc -pthread -fPIC -Wno-unused-result -Wsign-compare -DNDEBUG -g -fwrapv -O3 -Wall -std=c99 -Wextra -Wno-unused-result -Wno-unused-parameter -Wno-missing-field-initializers -Werror=implicit-function-declaration -I./Include/internal -I./Include -I. -I/usr/include/x86_64-linux-gnu -I/usr/local/include -I/mnt/3a4a987a-73ee-49eb-bc4b-b34ee82abd09/C++Code/cpython/Include -I/mnt/3a4a987a-73ee-49eb-bc4b-b34ee82abd09/C++Code/cpython -c /mnt/3a4a987a-73ee-49eb-bc4b-b34ee82abd09/C++Code/cpython/Modules/_datetimemodule.c -o build/temp.linux-x86_64-3.8/mnt/3a4a987a-73ee-49eb-bc4b-b34ee82abd09/C++Code/cpython/Modules/_datetimemodule.o
gcc -pthread -shared build/temp.linux-x86_64-3.8/mnt/3a4a987a-73ee-49eb-bc4b-b34ee82abd09/C++Code/cpython/Modules/_datetimemodule.o -L/usr/lib/x86_64-linux-gnu -L/usr/local/lib -lm -o build/lib.linux-x86_64-3.8/_datetime.cpython-38m-x86_64-linux-gnu.so
building '_random' extension
gcc -pthread -fPIC -Wno-unused-result -Wsign-compare -DNDEBUG -g -fwrapv -O3 -Wall -std=c99 -Wextra -Wno-unused-result -Wno-unused-parameter -Wno-missing-field-initializers -Werror=implicit-function-declaration -I./Include/internal -I./Include -I. -I/usr/include/x86_64-linux-gnu -I/usr/local/include -I/mnt/3a4a987a-73ee-49eb-bc4b-b34ee82abd09/C++Code/cpython/Include -I/mnt/3a4a987a-73ee-49eb-bc4b-b34ee82abd09/C++Code/cpython -c /mnt/3a4a987a-73ee-49eb-bc4b-b34ee82abd09/C++Code/cpython/Modules/_randommodule.c -o build/temp.linux-x86_64-3.8/mnt/3a4a987a-73ee-49eb-bc4b-b34ee82abd09/C++Code/cpython/Modules/_randommodule.o
gcc -pthread -shared build/temp.linux-x86_64-3.8/mnt/3a4a987a-73ee-49eb-bc4b-b34ee82abd09/C++Code/cpython/Modules/_randommodule.o -L/usr/lib/x86_64-linux-gnu -L/usr/local/lib -o build/lib.linux-x86_64-3.8/_random.cpython-38m-x86_64-linux-gnu.so
building '_bisect' extension
gcc -pthread -fPIC -Wno-unused-result -Wsign-compare -DNDEBUG -g -fwrapv -O3 -Wall -std=c99 -Wextra -Wno-unused-result -Wno-unused-parameter -Wno-missing-field-initializers -Werror=implicit-function-declaration -I./Include/internal -I./Include -I. -I/usr/include/x86_64-linux-gnu -I/usr/local/include -I/mnt/3a4a987a-73ee-49eb-bc4b-b34ee82abd09/C++Code/cpython/Include -I/mnt/3a4a987a-73ee-49eb-bc4b-b34ee82abd09/C++Code/cpython -c /mnt/3a4a987a-73ee-49eb-bc4b-b34ee82abd09/C++Code/cpython/Modules/_bisectmodule.c -o build/temp.linux-x86_64-3.8/mnt/3a4a987a-73ee-49eb-bc4b-b34ee82abd09/C++Code/cpython/Modules/_bisectmodule.o
gcc -pthread -shared build/temp.linux-x86_64-3.8/mnt/3a4a987a-73ee-49eb-bc4b-b34ee82abd09/C++Code/cpython/Modules/_bisectmodule.o -L/usr/lib/x86_64-linux-gnu -L/usr/local/lib -o build/lib.linux-x86_64-3.8/_bisect.cpython-38m-x86_64-linux-gnu.so
building '_heapq' extension
gcc -pthread -fPIC -Wno-unused-result -Wsign-compare -DNDEBUG -g -fwrapv -O3 -Wall -std=c99 -Wextra -Wno-unused-result -Wno-unused-parameter -Wno-missing-field-initializers -Werror=implicit-function-declaration -I./Include/internal -I./Include -I. -I/usr/include/x86_64-linux-gnu -I/usr/local/include -I/mnt/3a4a987a-73ee-49eb-bc4b-b34ee82abd09/C++Code/cpython/Include -I/mnt/3a4a987a-73ee-49eb-bc4b-b34ee82abd09/C++Code/cpython -c /mnt/3a4a987a-73ee-49eb-bc4b-b34ee82abd09/C++Code/cpython/Modules/_heapqmodule.c -o build/temp.linux-x86_64-3.8/mnt/3a4a987a-73ee-49eb-bc4b-b34ee82abd09/C++Code/cpython/Modules/_heapqmodule.o
gcc -pthread -shared build/temp.linux-x86_64-3.8/mnt/3a4a987a-73ee-49eb-bc4b-b34ee82abd09/C++Code/cpython/Modules/_heapqmodule.o -L/usr/lib/x86_64-linux-gnu -L/usr/local/lib -o build/lib.linux-x86_64-3.8/_heapq.cpython-38m-x86_64-linux-gnu.so
building '_pickle' extension
gcc -pthread -fPIC -Wno-unused-result -Wsign-compare -DNDEBUG -g -fwrapv -O3 -Wall -std=c99 -Wextra -Wno-unused-result -Wno-unused-parameter -Wno-missing-field-initializers -Werror=implicit-function-declaration -I./Include/internal -I./Include -I. -I/usr/include/x86_64-linux-gnu -I/usr/local/include -I/mnt/3a4a987a-73ee-49eb-bc4b-b34ee82abd09/C++Code/cpython/Include -I/mnt/3a4a987a-73ee-49eb-bc4b-b34ee82abd09/C++Code/cpython -c /mnt/3a4a987a-73ee-49eb-bc4b-b34ee82abd09/C++Code/cpython/Modules/_pickle.c -o build/temp.linux-x86_64-3.8/mnt/3a4a987a-73ee-49eb-bc4b-b34ee82abd09/C++Code/cpython/Modules/_pickle.o
gcc -pthread -shared build/temp.linux-x86_64-3.8/mnt/3a4a987a-73ee-49eb-bc4b-b34ee82abd09/C++Code/cpython/Modules/_pickle.o -L/usr/lib/x86_64-linux-gnu -L/usr/local/lib -o build/lib.linux-x86_64-3.8/_pickle.cpython-38m-x86_64-linux-gnu.so
building '_json' extension
gcc -pthread -fPIC -Wno-unused-result -Wsign-compare -DNDEBUG -g -fwrapv -O3 -Wall -std=c99 -Wextra -Wno-unused-result -Wno-unused-parameter -Wno-missing-field-initializers -Werror=implicit-function-declaration -I./Include/internal -I./Include -I. -I/usr/include/x86_64-linux-gnu -I/usr/local/include -I/mnt/3a4a987a-73ee-49eb-bc4b-b34ee82abd09/C++Code/cpython/Include -I/mnt/3a4a987a-73ee-49eb-bc4b-b34ee82abd09/C++Code/cpython -c /mnt/3a4a987a-73ee-49eb-bc4b-b34ee82abd09/C++Code/cpython/Modules/_json.c -o build/temp.linux-x86_64-3.8/mnt/3a4a987a-73ee-49eb-bc4b-b34ee82abd09/C++Code/cpython/Modules/_json.o -DPy_BUILD_CORE_BUILTIN
gcc -pthread -shared build/temp.linux-x86_64-3.8/mnt/3a4a987a-73ee-49eb-bc4b-b34ee82abd09/C++Code/cpython/Modules/_json.o -L/usr/lib/x86_64-linux-gnu -L/usr/local/lib -o build/lib.linux-x86_64-3.8/_json.cpython-38m-x86_64-linux-gnu.so
building '_lsprof' extension
gcc -pthread -fPIC -Wno-unused-result -Wsign-compare -DNDEBUG -g -fwrapv -O3 -Wall -std=c99 -Wextra -Wno-unused-result -Wno-unused-parameter -Wno-missing-field-initializers -Werror=implicit-function-declaration -I./Include/internal -I./Include -I. -I/usr/include/x86_64-linux-gnu -I/usr/local/include -I/mnt/3a4a987a-73ee-49eb-bc4b-b34ee82abd09/C++Code/cpython/Include -I/mnt/3a4a987a-73ee-49eb-bc4b-b34ee82abd09/C++Code/cpython -c /mnt/3a4a987a-73ee-49eb-bc4b-b34ee82abd09/C++Code/cpython/Modules/_lsprof.c -o build/temp.linux-x86_64-3.8/mnt/3a4a987a-73ee-49eb-bc4b-b34ee82abd09/C++Code/cpython/Modules/_lsprof.o
gcc -pthread -fPIC -Wno-unused-result -Wsign-compare -DNDEBUG -g -fwrapv -O3 -Wall -std=c99 -Wextra -Wno-unused-result -Wno-unused-parameter -Wno-missing-field-initializers -Werror=implicit-function-declaration -I./Include/internal -I./Include -I. -I/usr/include/x86_64-linux-gnu -I/usr/local/include -I/mnt/3a4a987a-73ee-49eb-bc4b-b34ee82abd09/C++Code/cpython/Include -I/mnt/3a4a987a-73ee-49eb-bc4b-b34ee82abd09/C++Code/cpython -c /mnt/3a4a987a-73ee-49eb-bc4b-b34ee82abd09/C++Code/cpython/Modules/rotatingtree.c -o build/temp.linux-x86_64-3.8/mnt/3a4a987a-73ee-49eb-bc4b-b34ee82abd09/C++Code/cpython/Modules/rotatingtree.o
gcc -pthread -shared build/temp.linux-x86_64-3.8/mnt/3a4a987a-73ee-49eb-bc4b-b34ee82abd09/C++Code/cpython/Modules/_lsprof.o build/temp.linux-x86_64-3.8/mnt/3a4a987a-73ee-49eb-bc4b-b34ee82abd09/C++Code/cpython/Modules/rotatingtree.o -L/usr/lib/x86_64-linux-gnu -L/usr/local/lib -o build/lib.linux-x86_64-3.8/_lsprof.cpython-38m-x86_64-linux-gnu.so
building 'unicodedata' extension
gcc -pthread -fPIC -Wno-unused-result -Wsign-compare -DNDEBUG -g -fwrapv -O3 -Wall -std=c99 -Wextra -Wno-unused-result -Wno-unused-parameter -Wno-missing-field-initializers -Werror=implicit-function-declaration -I./Include/internal -I./Include -I. -I/usr/include/x86_64-linux-gnu -I/usr/local/include -I/mnt/3a4a987a-73ee-49eb-bc4b-b34ee82abd09/C++Code/cpython/Include -I/mnt/3a4a987a-73ee-49eb-bc4b-b34ee82abd09/C++Code/cpython -c /mnt/3a4a987a-73ee-49eb-bc4b-b34ee82abd09/C++Code/cpython/Modules/unicodedata.c -o build/temp.linux-x86_64-3.8/mnt/3a4a987a-73ee-49eb-bc4b-b34ee82abd09/C++Code/cpython/Modules/unicodedata.o
gcc -pthread -shared build/temp.linux-x86_64-3.8/mnt/3a4a987a-73ee-49eb-bc4b-b34ee82abd09/C++Code/cpython/Modules/unicodedata.o -L/usr/lib/x86_64-linux-gnu -L/usr/local/lib -o build/lib.linux-x86_64-3.8/unicodedata.cpython-38m-x86_64-linux-gnu.so
building '_opcode' extension
gcc -pthread -fPIC -Wno-unused-result -Wsign-compare -DNDEBUG -g -fwrapv -O3 -Wall -std=c99 -Wextra -Wno-unused-result -Wno-unused-parameter -Wno-missing-field-initializers -Werror=implicit-function-declaration -I./Include/internal -I./Include -I. -I/usr/include/x86_64-linux-gnu -I/usr/local/include -I/mnt/3a4a987a-73ee-49eb-bc4b-b34ee82abd09/C++Code/cpython/Include -I/mnt/3a4a987a-73ee-49eb-bc4b-b34ee82abd09/C++Code/cpython -c /mnt/3a4a987a-73ee-49eb-bc4b-b34ee82abd09/C++Code/cpython/Modules/_opcode.c -o build/temp.linux-x86_64-3.8/mnt/3a4a987a-73ee-49eb-bc4b-b34ee82abd09/C++Code/cpython/Modules/_opcode.o
gcc -pthread -shared build/temp.linux-x86_64-3.8/mnt/3a4a987a-73ee-49eb-bc4b-b34ee82abd09/C++Code/cpython/Modules/_opcode.o -L/usr/lib/x86_64-linux-gnu -L/usr/local/lib -o build/lib.linux-x86_64-3.8/_opcode.cpython-38m-x86_64-linux-gnu.so
building '_asyncio' extension
gcc -pthread -fPIC -Wno-unused-result -Wsign-compare -DNDEBUG -g -fwrapv -O3 -Wall -std=c99 -Wextra -Wno-unused-result -Wno-unused-parameter -Wno-missing-field-initializers -Werror=implicit-function-declaration -I./Include/internal -I./Include -I. -I/usr/include/x86_64-linux-gnu -I/usr/local/include -I/mnt/3a4a987a-73ee-49eb-bc4b-b34ee82abd09/C++Code/cpython/Include -I/mnt/3a4a987a-73ee-49eb-bc4b-b34ee82abd09/C++Code/cpython -c /mnt/3a4a987a-73ee-49eb-bc4b-b34ee82abd09/C++Code/cpython/Modules/_asynciomodule.c -o build/temp.linux-x86_64-3.8/mnt/3a4a987a-73ee-49eb-bc4b-b34ee82abd09/C++Code/cpython/Modules/_asynciomodule.o
gcc -pthread -shared build/temp.linux-x86_64-3.8/mnt/3a4a987a-73ee-49eb-bc4b-b34ee82abd09/C++Code/cpython/Modules/_asynciomodule.o -L/usr/lib/x86_64-linux-gnu -L/usr/local/lib -o build/lib.linux-x86_64-3.8/_asyncio.cpython-38m-x86_64-linux-gnu.so
building '_queue' extension
gcc -pthread -fPIC -Wno-unused-result -Wsign-compare -DNDEBUG -g -fwrapv -O3 -Wall -std=c99 -Wextra -Wno-unused-result -Wno-unused-parameter -Wno-missing-field-initializers -Werror=implicit-function-declaration -I./Include/internal -I./Include -I. -I/usr/include/x86_64-linux-gnu -I/usr/local/include -I/mnt/3a4a987a-73ee-49eb-bc4b-b34ee82abd09/C++Code/cpython/Include -I/mnt/3a4a987a-73ee-49eb-bc4b-b34ee82abd09/C++Code/cpython -c /mnt/3a4a987a-73ee-49eb-bc4b-b34ee82abd09/C++Code/cpython/Modules/_queuemodule.c -o build/temp.linux-x86_64-3.8/mnt/3a4a987a-73ee-49eb-bc4b-b34ee82abd09/C++Code/cpython/Modules/_queuemodule.o
gcc -pthread -shared build/temp.linux-x86_64-3.8/mnt/3a4a987a-73ee-49eb-bc4b-b34ee82abd09/C++Code/cpython/Modules/_queuemodule.o -L/usr/lib/x86_64-linux-gnu -L/usr/local/lib -o build/lib.linux-x86_64-3.8/_queue.cpython-38m-x86_64-linux-gnu.so
building 'fcntl' extension
gcc -pthread -fPIC -Wno-unused-result -Wsign-compare -DNDEBUG -g -fwrapv -O3 -Wall -std=c99 -Wextra -Wno-unused-result -Wno-unused-parameter -Wno-missing-field-initializers -Werror=implicit-function-declaration -I./Include/internal -I./Include -I. -I/usr/include/x86_64-linux-gnu -I/usr/local/include -I/mnt/3a4a987a-73ee-49eb-bc4b-b34ee82abd09/C++Code/cpython/Include -I/mnt/3a4a987a-73ee-49eb-bc4b-b34ee82abd09/C++Code/cpython -c /mnt/3a4a987a-73ee-49eb-bc4b-b34ee82abd09/C++Code/cpython/Modules/fcntlmodule.c -o build/temp.linux-x86_64-3.8/mnt/3a4a987a-73ee-49eb-bc4b-b34ee82abd09/C++Code/cpython/Modules/fcntlmodule.o
gcc -pthread -shared build/temp.linux-x86_64-3.8/mnt/3a4a987a-73ee-49eb-bc4b-b34ee82abd09/C++Code/cpython/Modules/fcntlmodule.o -L/usr/lib/x86_64-linux-gnu -L/usr/local/lib -o build/lib.linux-x86_64-3.8/fcntl.cpython-38m-x86_64-linux-gnu.so
building 'grp' extension
gcc -pthread -fPIC -Wno-unused-result -Wsign-compare -DNDEBUG -g -fwrapv -O3 -Wall -std=c99 -Wextra -Wno-unused-result -Wno-unused-parameter -Wno-missing-field-initializers -Werror=implicit-function-declaration -I./Include/internal -I./Include -I. -I/usr/include/x86_64-linux-gnu -I/usr/local/include -I/mnt/3a4a987a-73ee-49eb-bc4b-b34ee82abd09/C++Code/cpython/Include -I/mnt/3a4a987a-73ee-49eb-bc4b-b34ee82abd09/C++Code/cpython -c /mnt/3a4a987a-73ee-49eb-bc4b-b34ee82abd09/C++Code/cpython/Modules/grpmodule.c -o build/temp.linux-x86_64-3.8/mnt/3a4a987a-73ee-49eb-bc4b-b34ee82abd09/C++Code/cpython/Modules/grpmodule.o
gcc -pthread -shared build/temp.linux-x86_64-3.8/mnt/3a4a987a-73ee-49eb-bc4b-b34ee82abd09/C++Code/cpython/Modules/grpmodule.o -L/usr/lib/x86_64-linux-gnu -L/usr/local/lib -o build/lib.linux-x86_64-3.8/grp.cpython-38m-x86_64-linux-gnu.so
building 'spwd' extension
gcc -pthread -fPIC -Wno-unused-result -Wsign-compare -DNDEBUG -g -fwrapv -O3 -Wall -std=c99 -Wextra -Wno-unused-result -Wno-unused-parameter -Wno-missing-field-initializers -Werror=implicit-function-declaration -I./Include/internal -I./Include -I. -I/usr/include/x86_64-linux-gnu -I/usr/local/include -I/mnt/3a4a987a-73ee-49eb-bc4b-b34ee82abd09/C++Code/cpython/Include -I/mnt/3a4a987a-73ee-49eb-bc4b-b34ee82abd09/C++Code/cpython -c /mnt/3a4a987a-73ee-49eb-bc4b-b34ee82abd09/C++Code/cpython/Modules/spwdmodule.c -o build/temp.linux-x86_64-3.8/mnt/3a4a987a-73ee-49eb-bc4b-b34ee82abd09/C++Code/cpython/Modules/spwdmodule.o
gcc -pthread -shared build/temp.linux-x86_64-3.8/mnt/3a4a987a-73ee-49eb-bc4b-b34ee82abd09/C++Code/cpython/Modules/spwdmodule.o -L/usr/lib/x86_64-linux-gnu -L/usr/local/lib -o build/lib.linux-x86_64-3.8/spwd.cpython-38m-x86_64-linux-gnu.so
building 'select' extension
gcc -pthread -fPIC -Wno-unused-result -Wsign-compare -DNDEBUG -g -fwrapv -O3 -Wall -std=c99 -Wextra -Wno-unused-result -Wno-unused-parameter -Wno-missing-field-initializers -Werror=implicit-function-declaration -I./Include/internal -I./Include -I. -I/usr/include/x86_64-linux-gnu -I/usr/local/include -I/mnt/3a4a987a-73ee-49eb-bc4b-b34ee82abd09/C++Code/cpython/Include -I/mnt/3a4a987a-73ee-49eb-bc4b-b34ee82abd09/C++Code/cpython -c /mnt/3a4a987a-73ee-49eb-bc4b-b34ee82abd09/C++Code/cpython/Modules/selectmodule.c -o build/temp.linux-x86_64-3.8/mnt/3a4a987a-73ee-49eb-bc4b-b34ee82abd09/C++Code/cpython/Modules/selectmodule.o
gcc -pthread -shared build/temp.linux-x86_64-3.8/mnt/3a4a987a-73ee-49eb-bc4b-b34ee82abd09/C++Code/cpython/Modules/selectmodule.o -L/usr/lib/x86_64-linux-gnu -L/usr/local/lib -o build/lib.linux-x86_64-3.8/select.cpython-38m-x86_64-linux-gnu.so
building 'parser' extension
gcc -pthread -fPIC -Wno-unused-result -Wsign-compare -DNDEBUG -g -fwrapv -O3 -Wall -std=c99 -Wextra -Wno-unused-result -Wno-unused-parameter -Wno-missing-field-initializers -Werror=implicit-function-declaration -I./Include/internal -I./Include -I. -I/usr/include/x86_64-linux-gnu -I/usr/local/include -I/mnt/3a4a987a-73ee-49eb-bc4b-b34ee82abd09/C++Code/cpython/Include -I/mnt/3a4a987a-73ee-49eb-bc4b-b34ee82abd09/C++Code/cpython -c /mnt/3a4a987a-73ee-49eb-bc4b-b34ee82abd09/C++Code/cpython/Modules/parsermodule.c -o build/temp.linux-x86_64-3.8/mnt/3a4a987a-73ee-49eb-bc4b-b34ee82abd09/C++Code/cpython/Modules/parsermodule.o
gcc -pthread -shared build/temp.linux-x86_64-3.8/mnt/3a4a987a-73ee-49eb-bc4b-b34ee82abd09/C++Code/cpython/Modules/parsermodule.o -L/usr/lib/x86_64-linux-gnu -L/usr/local/lib -o build/lib.linux-x86_64-3.8/parser.cpython-38m-x86_64-linux-gnu.so
building 'mmap' extension
gcc -pthread -fPIC -Wno-unused-result -Wsign-compare -DNDEBUG -g -fwrapv -O3 -Wall -std=c99 -Wextra -Wno-unused-result -Wno-unused-parameter -Wno-missing-field-initializers -Werror=implicit-function-declaration -I./Include/internal -I./Include -I. -I/usr/include/x86_64-linux-gnu -I/usr/local/include -I/mnt/3a4a987a-73ee-49eb-bc4b-b34ee82abd09/C++Code/cpython/Include -I/mnt/3a4a987a-73ee-49eb-bc4b-b34ee82abd09/C++Code/cpython -c /mnt/3a4a987a-73ee-49eb-bc4b-b34ee82abd09/C++Code/cpython/Modules/mmapmodule.c -o build/temp.linux-x86_64-3.8/mnt/3a4a987a-73ee-49eb-bc4b-b34ee82abd09/C++Code/cpython/Modules/mmapmodule.o
gcc -pthread -shared build/temp.linux-x86_64-3.8/mnt/3a4a987a-73ee-49eb-bc4b-b34ee82abd09/C++Code/cpython/Modules/mmapmodule.o -L/usr/lib/x86_64-linux-gnu -L/usr/local/lib -o build/lib.linux-x86_64-3.8/mmap.cpython-38m-x86_64-linux-gnu.so
building 'syslog' extension
gcc -pthread -fPIC -Wno-unused-result -Wsign-compare -DNDEBUG -g -fwrapv -O3 -Wall -std=c99 -Wextra -Wno-unused-result -Wno-unused-parameter -Wno-missing-field-initializers -Werror=implicit-function-declaration -I./Include/internal -I./Include -I. -I/usr/include/x86_64-linux-gnu -I/usr/local/include -I/mnt/3a4a987a-73ee-49eb-bc4b-b34ee82abd09/C++Code/cpython/Include -I/mnt/3a4a987a-73ee-49eb-bc4b-b34ee82abd09/C++Code/cpython -c /mnt/3a4a987a-73ee-49eb-bc4b-b34ee82abd09/C++Code/cpython/Modules/syslogmodule.c -o build/temp.linux-x86_64-3.8/mnt/3a4a987a-73ee-49eb-bc4b-b34ee82abd09/C++Code/cpython/Modules/syslogmodule.o
gcc -pthread -shared build/temp.linux-x86_64-3.8/mnt/3a4a987a-73ee-49eb-bc4b-b34ee82abd09/C++Code/cpython/Modules/syslogmodule.o -L/usr/lib/x86_64-linux-gnu -L/usr/local/lib -o build/lib.linux-x86_64-3.8/syslog.cpython-38m-x86_64-linux-gnu.so
building '_xxsubinterpreters' extension
gcc -pthread -fPIC -Wno-unused-result -Wsign-compare -DNDEBUG -g -fwrapv -O3 -Wall -std=c99 -Wextra -Wno-unused-result -Wno-unused-parameter -Wno-missing-field-initializers -Werror=implicit-function-declaration -I./Include/internal -I./Include -I. -I/usr/include/x86_64-linux-gnu -I/usr/local/include -I/mnt/3a4a987a-73ee-49eb-bc4b-b34ee82abd09/C++Code/cpython/Include -I/mnt/3a4a987a-73ee-49eb-bc4b-b34ee82abd09/C++Code/cpython -c /mnt/3a4a987a-73ee-49eb-bc4b-b34ee82abd09/C++Code/cpython/Modules/_xxsubinterpretersmodule.c -o build/temp.linux-x86_64-3.8/mnt/3a4a987a-73ee-49eb-bc4b-b34ee82abd09/C++Code/cpython/Modules/_xxsubinterpretersmodule.o
gcc -pthread -shared build/temp.linux-x86_64-3.8/mnt/3a4a987a-73ee-49eb-bc4b-b34ee82abd09/C++Code/cpython/Modules/_xxsubinterpretersmodule.o -L/usr/lib/x86_64-linux-gnu -L/usr/local/lib -o build/lib.linux-x86_64-3.8/_xxsubinterpreters.cpython-38m-x86_64-linux-gnu.so
building 'audioop' extension
gcc -pthread -fPIC -Wno-unused-result -Wsign-compare -DNDEBUG -g -fwrapv -O3 -Wall -std=c99 -Wextra -Wno-unused-result -Wno-unused-parameter -Wno-missing-field-initializers -Werror=implicit-function-declaration -I./Include/internal -I./Include -I. -I/usr/include/x86_64-linux-gnu -I/usr/local/include -I/mnt/3a4a987a-73ee-49eb-bc4b-b34ee82abd09/C++Code/cpython/Include -I/mnt/3a4a987a-73ee-49eb-bc4b-b34ee82abd09/C++Code/cpython -c /mnt/3a4a987a-73ee-49eb-bc4b-b34ee82abd09/C++Code/cpython/Modules/audioop.c -o build/temp.linux-x86_64-3.8/mnt/3a4a987a-73ee-49eb-bc4b-b34ee82abd09/C++Code/cpython/Modules/audioop.o
gcc -pthread -shared build/temp.linux-x86_64-3.8/mnt/3a4a987a-73ee-49eb-bc4b-b34ee82abd09/C++Code/cpython/Modules/audioop.o -L/usr/lib/x86_64-linux-gnu -L/usr/local/lib -lm -o build/lib.linux-x86_64-3.8/audioop.cpython-38m-x86_64-linux-gnu.so
building '_csv' extension
gcc -pthread -fPIC -Wno-unused-result -Wsign-compare -DNDEBUG -g -fwrapv -O3 -Wall -std=c99 -Wextra -Wno-unused-result -Wno-unused-parameter -Wno-missing-field-initializers -Werror=implicit-function-declaration -I./Include/internal -I./Include -I. -I/usr/include/x86_64-linux-gnu -I/usr/local/include -I/mnt/3a4a987a-73ee-49eb-bc4b-b34ee82abd09/C++Code/cpython/Include -I/mnt/3a4a987a-73ee-49eb-bc4b-b34ee82abd09/C++Code/cpython -c /mnt/3a4a987a-73ee-49eb-bc4b-b34ee82abd09/C++Code/cpython/Modules/_csv.c -o build/temp.linux-x86_64-3.8/mnt/3a4a987a-73ee-49eb-bc4b-b34ee82abd09/C++Code/cpython/Modules/_csv.o
gcc -pthread -shared build/temp.linux-x86_64-3.8/mnt/3a4a987a-73ee-49eb-bc4b-b34ee82abd09/C++Code/cpython/Modules/_csv.o -L/usr/lib/x86_64-linux-gnu -L/usr/local/lib -o build/lib.linux-x86_64-3.8/_csv.cpython-38m-x86_64-linux-gnu.so
building '_posixsubprocess' extension
gcc -pthread -fPIC -Wno-unused-result -Wsign-compare -DNDEBUG -g -fwrapv -O3 -Wall -std=c99 -Wextra -Wno-unused-result -Wno-unused-parameter -Wno-missing-field-initializers -Werror=implicit-function-declaration -I./Include/internal -I./Include -I. -I/usr/include/x86_64-linux-gnu -I/usr/local/include -I/mnt/3a4a987a-73ee-49eb-bc4b-b34ee82abd09/C++Code/cpython/Include -I/mnt/3a4a987a-73ee-49eb-bc4b-b34ee82abd09/C++Code/cpython -c /mnt/3a4a987a-73ee-49eb-bc4b-b34ee82abd09/C++Code/cpython/Modules/_posixsubprocess.c -o build/temp.linux-x86_64-3.8/mnt/3a4a987a-73ee-49eb-bc4b-b34ee82abd09/C++Code/cpython/Modules/_posixsubprocess.o
gcc -pthread -shared build/temp.linux-x86_64-3.8/mnt/3a4a987a-73ee-49eb-bc4b-b34ee82abd09/C++Code/cpython/Modules/_posixsubprocess.o -L/usr/lib/x86_64-linux-gnu -L/usr/local/lib -o build/lib.linux-x86_64-3.8/_posixsubprocess.cpython-38m-x86_64-linux-gnu.so
building '_testcapi' extension
gcc -pthread -fPIC -Wno-unused-result -Wsign-compare -DNDEBUG -g -fwrapv -O3 -Wall -std=c99 -Wextra -Wno-unused-result -Wno-unused-parameter -Wno-missing-field-initializers -Werror=implicit-function-declaration -I./Include/internal -I./Include -I. -I/usr/include/x86_64-linux-gnu -I/usr/local/include -I/mnt/3a4a987a-73ee-49eb-bc4b-b34ee82abd09/C++Code/cpython/Include -I/mnt/3a4a987a-73ee-49eb-bc4b-b34ee82abd09/C++Code/cpython -c /mnt/3a4a987a-73ee-49eb-bc4b-b34ee82abd09/C++Code/cpython/Modules/_testcapimodule.c -o build/temp.linux-x86_64-3.8/mnt/3a4a987a-73ee-49eb-bc4b-b34ee82abd09/C++Code/cpython/Modules/_testcapimodule.o
gcc -pthread -shared build/temp.linux-x86_64-3.8/mnt/3a4a987a-73ee-49eb-bc4b-b34ee82abd09/C++Code/cpython/Modules/_testcapimodule.o -L/usr/lib/x86_64-linux-gnu -L/usr/local/lib -o build/lib.linux-x86_64-3.8/_testcapi.cpython-38m-x86_64-linux-gnu.so
building '_testbuffer' extension
gcc -pthread -fPIC -Wno-unused-result -Wsign-compare -DNDEBUG -g -fwrapv -O3 -Wall -std=c99 -Wextra -Wno-unused-result -Wno-unused-parameter -Wno-missing-field-initializers -Werror=implicit-function-declaration -I./Include/internal -I./Include -I. -I/usr/include/x86_64-linux-gnu -I/usr/local/include -I/mnt/3a4a987a-73ee-49eb-bc4b-b34ee82abd09/C++Code/cpython/Include -I/mnt/3a4a987a-73ee-49eb-bc4b-b34ee82abd09/C++Code/cpython -c /mnt/3a4a987a-73ee-49eb-bc4b-b34ee82abd09/C++Code/cpython/Modules/_testbuffer.c -o build/temp.linux-x86_64-3.8/mnt/3a4a987a-73ee-49eb-bc4b-b34ee82abd09/C++Code/cpython/Modules/_testbuffer.o
gcc -pthread -shared build/temp.linux-x86_64-3.8/mnt/3a4a987a-73ee-49eb-bc4b-b34ee82abd09/C++Code/cpython/Modules/_testbuffer.o -L/usr/lib/x86_64-linux-gnu -L/usr/local/lib -o build/lib.linux-x86_64-3.8/_testbuffer.cpython-38m-x86_64-linux-gnu.so
building '_testimportmultiple' extension
gcc -pthread -fPIC -Wno-unused-result -Wsign-compare -DNDEBUG -g -fwrapv -O3 -Wall -std=c99 -Wextra -Wno-unused-result -Wno-unused-parameter -Wno-missing-field-initializers -Werror=implicit-function-declaration -I./Include/internal -I./Include -I. -I/usr/include/x86_64-linux-gnu -I/usr/local/include -I/mnt/3a4a987a-73ee-49eb-bc4b-b34ee82abd09/C++Code/cpython/Include -I/mnt/3a4a987a-73ee-49eb-bc4b-b34ee82abd09/C++Code/cpython -c /mnt/3a4a987a-73ee-49eb-bc4b-b34ee82abd09/C++Code/cpython/Modules/_testimportmultiple.c -o build/temp.linux-x86_64-3.8/mnt/3a4a987a-73ee-49eb-bc4b-b34ee82abd09/C++Code/cpython/Modules/_testimportmultiple.o
gcc -pthread -shared build/temp.linux-x86_64-3.8/mnt/3a4a987a-73ee-49eb-bc4b-b34ee82abd09/C++Code/cpython/Modules/_testimportmultiple.o -L/usr/lib/x86_64-linux-gnu -L/usr/local/lib -o build/lib.linux-x86_64-3.8/_testimportmultiple.cpython-38m-x86_64-linux-gnu.so
building '_testmultiphase' extension
gcc -pthread -fPIC -Wno-unused-result -Wsign-compare -DNDEBUG -g -fwrapv -O3 -Wall -std=c99 -Wextra -Wno-unused-result -Wno-unused-parameter -Wno-missing-field-initializers -Werror=implicit-function-declaration -I./Include/internal -I./Include -I. -I/usr/include/x86_64-linux-gnu -I/usr/local/include -I/mnt/3a4a987a-73ee-49eb-bc4b-b34ee82abd09/C++Code/cpython/Include -I/mnt/3a4a987a-73ee-49eb-bc4b-b34ee82abd09/C++Code/cpython -c /mnt/3a4a987a-73ee-49eb-bc4b-b34ee82abd09/C++Code/cpython/Modules/_testmultiphase.c -o build/temp.linux-x86_64-3.8/mnt/3a4a987a-73ee-49eb-bc4b-b34ee82abd09/C++Code/cpython/Modules/_testmultiphase.o
gcc -pthread -shared build/temp.linux-x86_64-3.8/mnt/3a4a987a-73ee-49eb-bc4b-b34ee82abd09/C++Code/cpython/Modules/_testmultiphase.o -L/usr/lib/x86_64-linux-gnu -L/usr/local/lib -o build/lib.linux-x86_64-3.8/_testmultiphase.cpython-38m-x86_64-linux-gnu.so
building '_xxtestfuzz' extension
creating build/temp.linux-x86_64-3.8/mnt/3a4a987a-73ee-49eb-bc4b-b34ee82abd09/C++Code/cpython/Modules/_xxtestfuzz
gcc -pthread -fPIC -Wno-unused-result -Wsign-compare -DNDEBUG -g -fwrapv -O3 -Wall -std=c99 -Wextra -Wno-unused-result -Wno-unused-parameter -Wno-missing-field-initializers -Werror=implicit-function-declaration -I./Include/internal -I./Include -I. -I/usr/include/x86_64-linux-gnu -I/usr/local/include -I/mnt/3a4a987a-73ee-49eb-bc4b-b34ee82abd09/C++Code/cpython/Include -I/mnt/3a4a987a-73ee-49eb-bc4b-b34ee82abd09/C++Code/cpython -c /mnt/3a4a987a-73ee-49eb-bc4b-b34ee82abd09/C++Code/cpython/Modules/_xxtestfuzz/_xxtestfuzz.c -o build/temp.linux-x86_64-3.8/mnt/3a4a987a-73ee-49eb-bc4b-b34ee82abd09/C++Code/cpython/Modules/_xxtestfuzz/_xxtestfuzz.o
gcc -pthread -fPIC -Wno-unused-result -Wsign-compare -DNDEBUG -g -fwrapv -O3 -Wall -std=c99 -Wextra -Wno-unused-result -Wno-unused-parameter -Wno-missing-field-initializers -Werror=implicit-function-declaration -I./Include/internal -I./Include -I. -I/usr/include/x86_64-linux-gnu -I/usr/local/include -I/mnt/3a4a987a-73ee-49eb-bc4b-b34ee82abd09/C++Code/cpython/Include -I/mnt/3a4a987a-73ee-49eb-bc4b-b34ee82abd09/C++Code/cpython -c /mnt/3a4a987a-73ee-49eb-bc4b-b34ee82abd09/C++Code/cpython/Modules/_xxtestfuzz/fuzzer.c -o build/temp.linux-x86_64-3.8/mnt/3a4a987a-73ee-49eb-bc4b-b34ee82abd09/C++Code/cpython/Modules/_xxtestfuzz/fuzzer.o
gcc -pthread -shared build/temp.linux-x86_64-3.8/mnt/3a4a987a-73ee-49eb-bc4b-b34ee82abd09/C++Code/cpython/Modules/_xxtestfuzz/_xxtestfuzz.o build/temp.linux-x86_64-3.8/mnt/3a4a987a-73ee-49eb-bc4b-b34ee82abd09/C++Code/cpython/Modules/_xxtestfuzz/fuzzer.o -L/usr/lib/x86_64-linux-gnu -L/usr/local/lib -o build/lib.linux-x86_64-3.8/_xxtestfuzz.cpython-38m-x86_64-linux-gnu.so
building 'readline' extension
gcc -pthread -fPIC -Wno-unused-result -Wsign-compare -DNDEBUG -g -fwrapv -O3 -Wall -std=c99 -Wextra -Wno-unused-result -Wno-unused-parameter -Wno-missing-field-initializers -Werror=implicit-function-declaration -I./Include/internal -I./Include -I. -I/usr/include/x86_64-linux-gnu -I/usr/local/include -I/mnt/3a4a987a-73ee-49eb-bc4b-b34ee82abd09/C++Code/cpython/Include -I/mnt/3a4a987a-73ee-49eb-bc4b-b34ee82abd09/C++Code/cpython -c /mnt/3a4a987a-73ee-49eb-bc4b-b34ee82abd09/C++Code/cpython/Modules/readline.c -o build/temp.linux-x86_64-3.8/mnt/3a4a987a-73ee-49eb-bc4b-b34ee82abd09/C++Code/cpython/Modules/readline.o
gcc -pthread -shared build/temp.linux-x86_64-3.8/mnt/3a4a987a-73ee-49eb-bc4b-b34ee82abd09/C++Code/cpython/Modules/readline.o -L/usr/lib/termcap -L/usr/lib/x86_64-linux-gnu -L/usr/local/lib -lreadline -o build/lib.linux-x86_64-3.8/readline.cpython-38m-x86_64-linux-gnu.so
building '_curses' extension
gcc -pthread -fPIC -Wno-unused-result -Wsign-compare -DNDEBUG -g -fwrapv -O3 -Wall -std=c99 -Wextra -Wno-unused-result -Wno-unused-parameter -Wno-missing-field-initializers -Werror=implicit-function-declaration -I./Include/internal -DHAVE_NCURSESW=1 -I/usr/include/ncursesw -I./Include -I. -I/usr/include/x86_64-linux-gnu -I/usr/local/include -I/mnt/3a4a987a-73ee-49eb-bc4b-b34ee82abd09/C++Code/cpython/Include -I/mnt/3a4a987a-73ee-49eb-bc4b-b34ee82abd09/C++Code/cpython -c /mnt/3a4a987a-73ee-49eb-bc4b-b34ee82abd09/C++Code/cpython/Modules/_cursesmodule.c -o build/temp.linux-x86_64-3.8/mnt/3a4a987a-73ee-49eb-bc4b-b34ee82abd09/C++Code/cpython/Modules/_cursesmodule.o
gcc -pthread -shared build/temp.linux-x86_64-3.8/mnt/3a4a987a-73ee-49eb-bc4b-b34ee82abd09/C++Code/cpython/Modules/_cursesmodule.o -L/usr/lib/x86_64-linux-gnu -L/usr/local/lib -lncursesw -o build/lib.linux-x86_64-3.8/_curses.cpython-38m-x86_64-linux-gnu.so
building '_curses_panel' extension
gcc -pthread -fPIC -Wno-unused-result -Wsign-compare -DNDEBUG -g -fwrapv -O3 -Wall -std=c99 -Wextra -Wno-unused-result -Wno-unused-parameter -Wno-missing-field-initializers -Werror=implicit-function-declaration -I./Include/internal -DHAVE_NCURSESW=1 -I/usr/include/ncursesw -I./Include -I. -I/usr/include/x86_64-linux-gnu -I/usr/local/include -I/mnt/3a4a987a-73ee-49eb-bc4b-b34ee82abd09/C++Code/cpython/Include -I/mnt/3a4a987a-73ee-49eb-bc4b-b34ee82abd09/C++Code/cpython -c /mnt/3a4a987a-73ee-49eb-bc4b-b34ee82abd09/C++Code/cpython/Modules/_curses_panel.c -o build/temp.linux-x86_64-3.8/mnt/3a4a987a-73ee-49eb-bc4b-b34ee82abd09/C++Code/cpython/Modules/_curses_panel.o
gcc -pthread -shared build/temp.linux-x86_64-3.8/mnt/3a4a987a-73ee-49eb-bc4b-b34ee82abd09/C++Code/cpython/Modules/_curses_panel.o -L/usr/lib/x86_64-linux-gnu -L/usr/local/lib -lpanelw -lncursesw -o build/lib.linux-x86_64-3.8/_curses_panel.cpython-38m-x86_64-linux-gnu.so
building '_crypt' extension
gcc -pthread -fPIC -Wno-unused-result -Wsign-compare -DNDEBUG -g -fwrapv -O3 -Wall -std=c99 -Wextra -Wno-unused-result -Wno-unused-parameter -Wno-missing-field-initializers -Werror=implicit-function-declaration -I./Include/internal -I./Include -I. -I/usr/include/x86_64-linux-gnu -I/usr/local/include -I/mnt/3a4a987a-73ee-49eb-bc4b-b34ee82abd09/C++Code/cpython/Include -I/mnt/3a4a987a-73ee-49eb-bc4b-b34ee82abd09/C++Code/cpython -c /mnt/3a4a987a-73ee-49eb-bc4b-b34ee82abd09/C++Code/cpython/Modules/_cryptmodule.c -o build/temp.linux-x86_64-3.8/mnt/3a4a987a-73ee-49eb-bc4b-b34ee82abd09/C++Code/cpython/Modules/_cryptmodule.o
gcc -pthread -shared build/temp.linux-x86_64-3.8/mnt/3a4a987a-73ee-49eb-bc4b-b34ee82abd09/C++Code/cpython/Modules/_cryptmodule.o -L/usr/lib/x86_64-linux-gnu -L/usr/local/lib -lcrypt -o build/lib.linux-x86_64-3.8/_crypt.cpython-38m-x86_64-linux-gnu.so
building '_socket' extension
gcc -pthread -fPIC -Wno-unused-result -Wsign-compare -DNDEBUG -g -fwrapv -O3 -Wall -std=c99 -Wextra -Wno-unused-result -Wno-unused-parameter -Wno-missing-field-initializers -Werror=implicit-function-declaration -I./Include/internal -I./Include -I. -I/usr/include/x86_64-linux-gnu -I/usr/local/include -I/mnt/3a4a987a-73ee-49eb-bc4b-b34ee82abd09/C++Code/cpython/Include -I/mnt/3a4a987a-73ee-49eb-bc4b-b34ee82abd09/C++Code/cpython -c /mnt/3a4a987a-73ee-49eb-bc4b-b34ee82abd09/C++Code/cpython/Modules/socketmodule.c -o build/temp.linux-x86_64-3.8/mnt/3a4a987a-73ee-49eb-bc4b-b34ee82abd09/C++Code/cpython/Modules/socketmodule.o
gcc -pthread -shared build/temp.linux-x86_64-3.8/mnt/3a4a987a-73ee-49eb-bc4b-b34ee82abd09/C++Code/cpython/Modules/socketmodule.o -L/usr/lib/x86_64-linux-gnu -L/usr/local/lib -o build/lib.linux-x86_64-3.8/_socket.cpython-38m-x86_64-linux-gnu.so
building '_sha256' extension
gcc -pthread -fPIC -Wno-unused-result -Wsign-compare -DNDEBUG -g -fwrapv -O3 -Wall -std=c99 -Wextra -Wno-unused-result -Wno-unused-parameter -Wno-missing-field-initializers -Werror=implicit-function-declaration -I./Include/internal -I./Include -I. -I/usr/include/x86_64-linux-gnu -I/usr/local/include -I/mnt/3a4a987a-73ee-49eb-bc4b-b34ee82abd09/C++Code/cpython/Include -I/mnt/3a4a987a-73ee-49eb-bc4b-b34ee82abd09/C++Code/cpython -c /mnt/3a4a987a-73ee-49eb-bc4b-b34ee82abd09/C++Code/cpython/Modules/sha256module.c -o build/temp.linux-x86_64-3.8/mnt/3a4a987a-73ee-49eb-bc4b-b34ee82abd09/C++Code/cpython/Modules/sha256module.o
gcc -pthread -shared build/temp.linux-x86_64-3.8/mnt/3a4a987a-73ee-49eb-bc4b-b34ee82abd09/C++Code/cpython/Modules/sha256module.o -L/usr/lib/x86_64-linux-gnu -L/usr/local/lib -o build/lib.linux-x86_64-3.8/_sha256.cpython-38m-x86_64-linux-gnu.so
building '_sha512' extension
gcc -pthread -fPIC -Wno-unused-result -Wsign-compare -DNDEBUG -g -fwrapv -O3 -Wall -std=c99 -Wextra -Wno-unused-result -Wno-unused-parameter -Wno-missing-field-initializers -Werror=implicit-function-declaration -I./Include/internal -I./Include -I. -I/usr/include/x86_64-linux-gnu -I/usr/local/include -I/mnt/3a4a987a-73ee-49eb-bc4b-b34ee82abd09/C++Code/cpython/Include -I/mnt/3a4a987a-73ee-49eb-bc4b-b34ee82abd09/C++Code/cpython -c /mnt/3a4a987a-73ee-49eb-bc4b-b34ee82abd09/C++Code/cpython/Modules/sha512module.c -o build/temp.linux-x86_64-3.8/mnt/3a4a987a-73ee-49eb-bc4b-b34ee82abd09/C++Code/cpython/Modules/sha512module.o
gcc -pthread -shared build/temp.linux-x86_64-3.8/mnt/3a4a987a-73ee-49eb-bc4b-b34ee82abd09/C++Code/cpython/Modules/sha512module.o -L/usr/lib/x86_64-linux-gnu -L/usr/local/lib -o build/lib.linux-x86_64-3.8/_sha512.cpython-38m-x86_64-linux-gnu.so
building '_md5' extension
gcc -pthread -fPIC -Wno-unused-result -Wsign-compare -DNDEBUG -g -fwrapv -O3 -Wall -std=c99 -Wextra -Wno-unused-result -Wno-unused-parameter -Wno-missing-field-initializers -Werror=implicit-function-declaration -I./Include/internal -I./Include -I. -I/usr/include/x86_64-linux-gnu -I/usr/local/include -I/mnt/3a4a987a-73ee-49eb-bc4b-b34ee82abd09/C++Code/cpython/Include -I/mnt/3a4a987a-73ee-49eb-bc4b-b34ee82abd09/C++Code/cpython -c /mnt/3a4a987a-73ee-49eb-bc4b-b34ee82abd09/C++Code/cpython/Modules/md5module.c -o build/temp.linux-x86_64-3.8/mnt/3a4a987a-73ee-49eb-bc4b-b34ee82abd09/C++Code/cpython/Modules/md5module.o
gcc -pthread -shared build/temp.linux-x86_64-3.8/mnt/3a4a987a-73ee-49eb-bc4b-b34ee82abd09/C++Code/cpython/Modules/md5module.o -L/usr/lib/x86_64-linux-gnu -L/usr/local/lib -o build/lib.linux-x86_64-3.8/_md5.cpython-38m-x86_64-linux-gnu.so
building '_sha1' extension
gcc -pthread -fPIC -Wno-unused-result -Wsign-compare -DNDEBUG -g -fwrapv -O3 -Wall -std=c99 -Wextra -Wno-unused-result -Wno-unused-parameter -Wno-missing-field-initializers -Werror=implicit-function-declaration -I./Include/internal -I./Include -I. -I/usr/include/x86_64-linux-gnu -I/usr/local/include -I/mnt/3a4a987a-73ee-49eb-bc4b-b34ee82abd09/C++Code/cpython/Include -I/mnt/3a4a987a-73ee-49eb-bc4b-b34ee82abd09/C++Code/cpython -c /mnt/3a4a987a-73ee-49eb-bc4b-b34ee82abd09/C++Code/cpython/Modules/sha1module.c -o build/temp.linux-x86_64-3.8/mnt/3a4a987a-73ee-49eb-bc4b-b34ee82abd09/C++Code/cpython/Modules/sha1module.o
gcc -pthread -shared build/temp.linux-x86_64-3.8/mnt/3a4a987a-73ee-49eb-bc4b-b34ee82abd09/C++Code/cpython/Modules/sha1module.o -L/usr/lib/x86_64-linux-gnu -L/usr/local/lib -o build/lib.linux-x86_64-3.8/_sha1.cpython-38m-x86_64-linux-gnu.so
building '_blake2' extension
creating build/temp.linux-x86_64-3.8/mnt/3a4a987a-73ee-49eb-bc4b-b34ee82abd09/C++Code/cpython/Modules/_blake2
gcc -pthread -fPIC -Wno-unused-result -Wsign-compare -DNDEBUG -g -fwrapv -O3 -Wall -std=c99 -Wextra -Wno-unused-result -Wno-unused-parameter -Wno-missing-field-initializers -Werror=implicit-function-declaration -I./Include/internal -I./Include -I. -I/usr/include/x86_64-linux-gnu -I/usr/local/include -I/mnt/3a4a987a-73ee-49eb-bc4b-b34ee82abd09/C++Code/cpython/Include -I/mnt/3a4a987a-73ee-49eb-bc4b-b34ee82abd09/C++Code/cpython -c /mnt/3a4a987a-73ee-49eb-bc4b-b34ee82abd09/C++Code/cpython/Modules/_blake2/blake2module.c -o build/temp.linux-x86_64-3.8/mnt/3a4a987a-73ee-49eb-bc4b-b34ee82abd09/C++Code/cpython/Modules/_blake2/blake2module.o
gcc -pthread -fPIC -Wno-unused-result -Wsign-compare -DNDEBUG -g -fwrapv -O3 -Wall -std=c99 -Wextra -Wno-unused-result -Wno-unused-parameter -Wno-missing-field-initializers -Werror=implicit-function-declaration -I./Include/internal -I./Include -I. -I/usr/include/x86_64-linux-gnu -I/usr/local/include -I/mnt/3a4a987a-73ee-49eb-bc4b-b34ee82abd09/C++Code/cpython/Include -I/mnt/3a4a987a-73ee-49eb-bc4b-b34ee82abd09/C++Code/cpython -c /mnt/3a4a987a-73ee-49eb-bc4b-b34ee82abd09/C++Code/cpython/Modules/_blake2/blake2b_impl.c -o build/temp.linux-x86_64-3.8/mnt/3a4a987a-73ee-49eb-bc4b-b34ee82abd09/C++Code/cpython/Modules/_blake2/blake2b_impl.o
gcc -pthread -fPIC -Wno-unused-result -Wsign-compare -DNDEBUG -g -fwrapv -O3 -Wall -std=c99 -Wextra -Wno-unused-result -Wno-unused-parameter -Wno-missing-field-initializers -Werror=implicit-function-declaration -I./Include/internal -I./Include -I. -I/usr/include/x86_64-linux-gnu -I/usr/local/include -I/mnt/3a4a987a-73ee-49eb-bc4b-b34ee82abd09/C++Code/cpython/Include -I/mnt/3a4a987a-73ee-49eb-bc4b-b34ee82abd09/C++Code/cpython -c /mnt/3a4a987a-73ee-49eb-bc4b-b34ee82abd09/C++Code/cpython/Modules/_blake2/blake2s_impl.c -o build/temp.linux-x86_64-3.8/mnt/3a4a987a-73ee-49eb-bc4b-b34ee82abd09/C++Code/cpython/Modules/_blake2/blake2s_impl.o
gcc -pthread -shared build/temp.linux-x86_64-3.8/mnt/3a4a987a-73ee-49eb-bc4b-b34ee82abd09/C++Code/cpython/Modules/_blake2/blake2module.o build/temp.linux-x86_64-3.8/mnt/3a4a987a-73ee-49eb-bc4b-b34ee82abd09/C++Code/cpython/Modules/_blake2/blake2b_impl.o build/temp.linux-x86_64-3.8/mnt/3a4a987a-73ee-49eb-bc4b-b34ee82abd09/C++Code/cpython/Modules/_blake2/blake2s_impl.o -L/usr/lib/x86_64-linux-gnu -L/usr/local/lib -o build/lib.linux-x86_64-3.8/_blake2.cpython-38m-x86_64-linux-gnu.so
building '_sha3' extension
creating build/temp.linux-x86_64-3.8/mnt/3a4a987a-73ee-49eb-bc4b-b34ee82abd09/C++Code/cpython/Modules/_sha3
gcc -pthread -fPIC -Wno-unused-result -Wsign-compare -DNDEBUG -g -fwrapv -O3 -Wall -std=c99 -Wextra -Wno-unused-result -Wno-unused-parameter -Wno-missing-field-initializers -Werror=implicit-function-declaration -I./Include/internal -I./Include -I. -I/usr/include/x86_64-linux-gnu -I/usr/local/include -I/mnt/3a4a987a-73ee-49eb-bc4b-b34ee82abd09/C++Code/cpython/Include -I/mnt/3a4a987a-73ee-49eb-bc4b-b34ee82abd09/C++Code/cpython -c /mnt/3a4a987a-73ee-49eb-bc4b-b34ee82abd09/C++Code/cpython/Modules/_sha3/sha3module.c -o build/temp.linux-x86_64-3.8/mnt/3a4a987a-73ee-49eb-bc4b-b34ee82abd09/C++Code/cpython/Modules/_sha3/sha3module.o
gcc -pthread -shared build/temp.linux-x86_64-3.8/mnt/3a4a987a-73ee-49eb-bc4b-b34ee82abd09/C++Code/cpython/Modules/_sha3/sha3module.o -L/usr/lib/x86_64-linux-gnu -L/usr/local/lib -o build/lib.linux-x86_64-3.8/_sha3.cpython-38m-x86_64-linux-gnu.so
building 'termios' extension
gcc -pthread -fPIC -Wno-unused-result -Wsign-compare -DNDEBUG -g -fwrapv -O3 -Wall -std=c99 -Wextra -Wno-unused-result -Wno-unused-parameter -Wno-missing-field-initializers -Werror=implicit-function-declaration -I./Include/internal -I./Include -I. -I/usr/include/x86_64-linux-gnu -I/usr/local/include -I/mnt/3a4a987a-73ee-49eb-bc4b-b34ee82abd09/C++Code/cpython/Include -I/mnt/3a4a987a-73ee-49eb-bc4b-b34ee82abd09/C++Code/cpython -c /mnt/3a4a987a-73ee-49eb-bc4b-b34ee82abd09/C++Code/cpython/Modules/termios.c -o build/temp.linux-x86_64-3.8/mnt/3a4a987a-73ee-49eb-bc4b-b34ee82abd09/C++Code/cpython/Modules/termios.o
gcc -pthread -shared build/temp.linux-x86_64-3.8/mnt/3a4a987a-73ee-49eb-bc4b-b34ee82abd09/C++Code/cpython/Modules/termios.o -L/usr/lib/x86_64-linux-gnu -L/usr/local/lib -o build/lib.linux-x86_64-3.8/termios.cpython-38m-x86_64-linux-gnu.so
building 'resource' extension
gcc -pthread -fPIC -Wno-unused-result -Wsign-compare -DNDEBUG -g -fwrapv -O3 -Wall -std=c99 -Wextra -Wno-unused-result -Wno-unused-parameter -Wno-missing-field-initializers -Werror=implicit-function-declaration -I./Include/internal -I./Include -I. -I/usr/include/x86_64-linux-gnu -I/usr/local/include -I/mnt/3a4a987a-73ee-49eb-bc4b-b34ee82abd09/C++Code/cpython/Include -I/mnt/3a4a987a-73ee-49eb-bc4b-b34ee82abd09/C++Code/cpython -c /mnt/3a4a987a-73ee-49eb-bc4b-b34ee82abd09/C++Code/cpython/Modules/resource.c -o build/temp.linux-x86_64-3.8/mnt/3a4a987a-73ee-49eb-bc4b-b34ee82abd09/C++Code/cpython/Modules/resource.o
gcc -pthread -shared build/temp.linux-x86_64-3.8/mnt/3a4a987a-73ee-49eb-bc4b-b34ee82abd09/C++Code/cpython/Modules/resource.o -L/usr/lib/x86_64-linux-gnu -L/usr/local/lib -o build/lib.linux-x86_64-3.8/resource.cpython-38m-x86_64-linux-gnu.so
building 'ossaudiodev' extension
gcc -pthread -fPIC -Wno-unused-result -Wsign-compare -DNDEBUG -g -fwrapv -O3 -Wall -std=c99 -Wextra -Wno-unused-result -Wno-unused-parameter -Wno-missing-field-initializers -Werror=implicit-function-declaration -I./Include/internal -I./Include -I. -I/usr/include/x86_64-linux-gnu -I/usr/local/include -I/mnt/3a4a987a-73ee-49eb-bc4b-b34ee82abd09/C++Code/cpython/Include -I/mnt/3a4a987a-73ee-49eb-bc4b-b34ee82abd09/C++Code/cpython -c /mnt/3a4a987a-73ee-49eb-bc4b-b34ee82abd09/C++Code/cpython/Modules/ossaudiodev.c -o build/temp.linux-x86_64-3.8/mnt/3a4a987a-73ee-49eb-bc4b-b34ee82abd09/C++Code/cpython/Modules/ossaudiodev.o
gcc -pthread -shared build/temp.linux-x86_64-3.8/mnt/3a4a987a-73ee-49eb-bc4b-b34ee82abd09/C++Code/cpython/Modules/ossaudiodev.o -L/usr/lib/x86_64-linux-gnu -L/usr/local/lib -o build/lib.linux-x86_64-3.8/ossaudiodev.cpython-38m-x86_64-linux-gnu.so
building 'nis' extension
gcc -pthread -fPIC -Wno-unused-result -Wsign-compare -DNDEBUG -g -fwrapv -O3 -Wall -std=c99 -Wextra -Wno-unused-result -Wno-unused-parameter -Wno-missing-field-initializers -Werror=implicit-function-declaration -I./Include/internal -I./Include -I. -I/usr/include/x86_64-linux-gnu -I/usr/local/include -I/mnt/3a4a987a-73ee-49eb-bc4b-b34ee82abd09/C++Code/cpython/Include -I/mnt/3a4a987a-73ee-49eb-bc4b-b34ee82abd09/C++Code/cpython -c /mnt/3a4a987a-73ee-49eb-bc4b-b34ee82abd09/C++Code/cpython/Modules/nismodule.c -o build/temp.linux-x86_64-3.8/mnt/3a4a987a-73ee-49eb-bc4b-b34ee82abd09/C++Code/cpython/Modules/nismodule.o
gcc -pthread -shared build/temp.linux-x86_64-3.8/mnt/3a4a987a-73ee-49eb-bc4b-b34ee82abd09/C++Code/cpython/Modules/nismodule.o -L/usr/lib/x86_64-linux-gnu -L/usr/local/lib -lnsl -o build/lib.linux-x86_64-3.8/nis.cpython-38m-x86_64-linux-gnu.so
building 'binascii' extension
gcc -pthread -fPIC -Wno-unused-result -Wsign-compare -DNDEBUG -g -fwrapv -O3 -Wall -std=c99 -Wextra -Wno-unused-result -Wno-unused-parameter -Wno-missing-field-initializers -Werror=implicit-function-declaration -I./Include/internal -I./Include -I. -I/usr/include/x86_64-linux-gnu -I/usr/local/include -I/mnt/3a4a987a-73ee-49eb-bc4b-b34ee82abd09/C++Code/cpython/Include -I/mnt/3a4a987a-73ee-49eb-bc4b-b34ee82abd09/C++Code/cpython -c /mnt/3a4a987a-73ee-49eb-bc4b-b34ee82abd09/C++Code/cpython/Modules/binascii.c -o build/temp.linux-x86_64-3.8/mnt/3a4a987a-73ee-49eb-bc4b-b34ee82abd09/C++Code/cpython/Modules/binascii.o
gcc -pthread -shared build/temp.linux-x86_64-3.8/mnt/3a4a987a-73ee-49eb-bc4b-b34ee82abd09/C++Code/cpython/Modules/binascii.o -L/usr/lib/x86_64-linux-gnu -L/usr/local/lib -o build/lib.linux-x86_64-3.8/binascii.cpython-38m-x86_64-linux-gnu.so
building 'pyexpat' extension
creating build/temp.linux-x86_64-3.8/mnt/3a4a987a-73ee-49eb-bc4b-b34ee82abd09/C++Code/cpython/Modules/expat
gcc -pthread -fPIC -Wno-unused-result -Wsign-compare -DNDEBUG -g -fwrapv -O3 -Wall -std=c99 -Wextra -Wno-unused-result -Wno-unused-parameter -Wno-missing-field-initializers -Werror=implicit-function-declaration -I./Include/internal -DHAVE_EXPAT_CONFIG_H=1 -DXML_POOR_ENTROPY=1 -DUSE_PYEXPAT_CAPI -I/mnt/3a4a987a-73ee-49eb-bc4b-b34ee82abd09/C++Code/cpython/Modules/expat -I./Include -I. -I/usr/include/x86_64-linux-gnu -I/usr/local/include -I/mnt/3a4a987a-73ee-49eb-bc4b-b34ee82abd09/C++Code/cpython/Include -I/mnt/3a4a987a-73ee-49eb-bc4b-b34ee82abd09/C++Code/cpython -c /mnt/3a4a987a-73ee-49eb-bc4b-b34ee82abd09/C++Code/cpython/Modules/pyexpat.c -o build/temp.linux-x86_64-3.8/mnt/3a4a987a-73ee-49eb-bc4b-b34ee82abd09/C++Code/cpython/Modules/pyexpat.o -Wno-implicit-fallthrough
gcc -pthread -fPIC -Wno-unused-result -Wsign-compare -DNDEBUG -g -fwrapv -O3 -Wall -std=c99 -Wextra -Wno-unused-result -Wno-unused-parameter -Wno-missing-field-initializers -Werror=implicit-function-declaration -I./Include/internal -DHAVE_EXPAT_CONFIG_H=1 -DXML_POOR_ENTROPY=1 -DUSE_PYEXPAT_CAPI -I/mnt/3a4a987a-73ee-49eb-bc4b-b34ee82abd09/C++Code/cpython/Modules/expat -I./Include -I. -I/usr/include/x86_64-linux-gnu -I/usr/local/include -I/mnt/3a4a987a-73ee-49eb-bc4b-b34ee82abd09/C++Code/cpython/Include -I/mnt/3a4a987a-73ee-49eb-bc4b-b34ee82abd09/C++Code/cpython -c /mnt/3a4a987a-73ee-49eb-bc4b-b34ee82abd09/C++Code/cpython/Modules/expat/xmlparse.c -o build/temp.linux-x86_64-3.8/mnt/3a4a987a-73ee-49eb-bc4b-b34ee82abd09/C++Code/cpython/Modules/expat/xmlparse.o -Wno-implicit-fallthrough
gcc -pthread -fPIC -Wno-unused-result -Wsign-compare -DNDEBUG -g -fwrapv -O3 -Wall -std=c99 -Wextra -Wno-unused-result -Wno-unused-parameter -Wno-missing-field-initializers -Werror=implicit-function-declaration -I./Include/internal -DHAVE_EXPAT_CONFIG_H=1 -DXML_POOR_ENTROPY=1 -DUSE_PYEXPAT_CAPI -I/mnt/3a4a987a-73ee-49eb-bc4b-b34ee82abd09/C++Code/cpython/Modules/expat -I./Include -I. -I/usr/include/x86_64-linux-gnu -I/usr/local/include -I/mnt/3a4a987a-73ee-49eb-bc4b-b34ee82abd09/C++Code/cpython/Include -I/mnt/3a4a987a-73ee-49eb-bc4b-b34ee82abd09/C++Code/cpython -c /mnt/3a4a987a-73ee-49eb-bc4b-b34ee82abd09/C++Code/cpython/Modules/expat/xmlrole.c -o build/temp.linux-x86_64-3.8/mnt/3a4a987a-73ee-49eb-bc4b-b34ee82abd09/C++Code/cpython/Modules/expat/xmlrole.o -Wno-implicit-fallthrough
gcc -pthread -fPIC -Wno-unused-result -Wsign-compare -DNDEBUG -g -fwrapv -O3 -Wall -std=c99 -Wextra -Wno-unused-result -Wno-unused-parameter -Wno-missing-field-initializers -Werror=implicit-function-declaration -I./Include/internal -DHAVE_EXPAT_CONFIG_H=1 -DXML_POOR_ENTROPY=1 -DUSE_PYEXPAT_CAPI -I/mnt/3a4a987a-73ee-49eb-bc4b-b34ee82abd09/C++Code/cpython/Modules/expat -I./Include -I. -I/usr/include/x86_64-linux-gnu -I/usr/local/include -I/mnt/3a4a987a-73ee-49eb-bc4b-b34ee82abd09/C++Code/cpython/Include -I/mnt/3a4a987a-73ee-49eb-bc4b-b34ee82abd09/C++Code/cpython -c /mnt/3a4a987a-73ee-49eb-bc4b-b34ee82abd09/C++Code/cpython/Modules/expat/xmltok.c -o build/temp.linux-x86_64-3.8/mnt/3a4a987a-73ee-49eb-bc4b-b34ee82abd09/C++Code/cpython/Modules/expat/xmltok.o -Wno-implicit-fallthrough
gcc -pthread -shared build/temp.linux-x86_64-3.8/mnt/3a4a987a-73ee-49eb-bc4b-b34ee82abd09/C++Code/cpython/Modules/pyexpat.o build/temp.linux-x86_64-3.8/mnt/3a4a987a-73ee-49eb-bc4b-b34ee82abd09/C++Code/cpython/Modules/expat/xmlparse.o build/temp.linux-x86_64-3.8/mnt/3a4a987a-73ee-49eb-bc4b-b34ee82abd09/C++Code/cpython/Modules/expat/xmlrole.o build/temp.linux-x86_64-3.8/mnt/3a4a987a-73ee-49eb-bc4b-b34ee82abd09/C++Code/cpython/Modules/expat/xmltok.o -L/usr/lib/x86_64-linux-gnu -L/usr/local/lib -o build/lib.linux-x86_64-3.8/pyexpat.cpython-38m-x86_64-linux-gnu.so
building '_elementtree' extension
gcc -pthread -fPIC -Wno-unused-result -Wsign-compare -DNDEBUG -g -fwrapv -O3 -Wall -std=c99 -Wextra -Wno-unused-result -Wno-unused-parameter -Wno-missing-field-initializers -Werror=implicit-function-declaration -I./Include/internal -DHAVE_EXPAT_CONFIG_H=1 -DXML_POOR_ENTROPY=1 -DUSE_PYEXPAT_CAPI -I/mnt/3a4a987a-73ee-49eb-bc4b-b34ee82abd09/C++Code/cpython/Modules/expat -I./Include -I. -I/usr/include/x86_64-linux-gnu -I/usr/local/include -I/mnt/3a4a987a-73ee-49eb-bc4b-b34ee82abd09/C++Code/cpython/Include -I/mnt/3a4a987a-73ee-49eb-bc4b-b34ee82abd09/C++Code/cpython -c /mnt/3a4a987a-73ee-49eb-bc4b-b34ee82abd09/C++Code/cpython/Modules/_elementtree.c -o build/temp.linux-x86_64-3.8/mnt/3a4a987a-73ee-49eb-bc4b-b34ee82abd09/C++Code/cpython/Modules/_elementtree.o
gcc -pthread -shared build/temp.linux-x86_64-3.8/mnt/3a4a987a-73ee-49eb-bc4b-b34ee82abd09/C++Code/cpython/Modules/_elementtree.o -L/usr/lib/x86_64-linux-gnu -L/usr/local/lib -o build/lib.linux-x86_64-3.8/_elementtree.cpython-38m-x86_64-linux-gnu.so
building '_multibytecodec' extension
creating build/temp.linux-x86_64-3.8/mnt/3a4a987a-73ee-49eb-bc4b-b34ee82abd09/C++Code/cpython/Modules/cjkcodecs
gcc -pthread -fPIC -Wno-unused-result -Wsign-compare -DNDEBUG -g -fwrapv -O3 -Wall -std=c99 -Wextra -Wno-unused-result -Wno-unused-parameter -Wno-missing-field-initializers -Werror=implicit-function-declaration -I./Include/internal -I./Include -I. -I/usr/include/x86_64-linux-gnu -I/usr/local/include -I/mnt/3a4a987a-73ee-49eb-bc4b-b34ee82abd09/C++Code/cpython/Include -I/mnt/3a4a987a-73ee-49eb-bc4b-b34ee82abd09/C++Code/cpython -c /mnt/3a4a987a-73ee-49eb-bc4b-b34ee82abd09/C++Code/cpython/Modules/cjkcodecs/multibytecodec.c -o build/temp.linux-x86_64-3.8/mnt/3a4a987a-73ee-49eb-bc4b-b34ee82abd09/C++Code/cpython/Modules/cjkcodecs/multibytecodec.o
gcc -pthread -shared build/temp.linux-x86_64-3.8/mnt/3a4a987a-73ee-49eb-bc4b-b34ee82abd09/C++Code/cpython/Modules/cjkcodecs/multibytecodec.o -L/usr/lib/x86_64-linux-gnu -L/usr/local/lib -o build/lib.linux-x86_64-3.8/_multibytecodec.cpython-38m-x86_64-linux-gnu.so
building '_codecs_kr' extension
gcc -pthread -fPIC -Wno-unused-result -Wsign-compare -DNDEBUG -g -fwrapv -O3 -Wall -std=c99 -Wextra -Wno-unused-result -Wno-unused-parameter -Wno-missing-field-initializers -Werror=implicit-function-declaration -I./Include/internal -I./Include -I. -I/usr/include/x86_64-linux-gnu -I/usr/local/include -I/mnt/3a4a987a-73ee-49eb-bc4b-b34ee82abd09/C++Code/cpython/Include -I/mnt/3a4a987a-73ee-49eb-bc4b-b34ee82abd09/C++Code/cpython -c /mnt/3a4a987a-73ee-49eb-bc4b-b34ee82abd09/C++Code/cpython/Modules/cjkcodecs/_codecs_kr.c -o build/temp.linux-x86_64-3.8/mnt/3a4a987a-73ee-49eb-bc4b-b34ee82abd09/C++Code/cpython/Modules/cjkcodecs/_codecs_kr.o
gcc -pthread -shared build/temp.linux-x86_64-3.8/mnt/3a4a987a-73ee-49eb-bc4b-b34ee82abd09/C++Code/cpython/Modules/cjkcodecs/_codecs_kr.o -L/usr/lib/x86_64-linux-gnu -L/usr/local/lib -o build/lib.linux-x86_64-3.8/_codecs_kr.cpython-38m-x86_64-linux-gnu.so
building '_codecs_jp' extension
gcc -pthread -fPIC -Wno-unused-result -Wsign-compare -DNDEBUG -g -fwrapv -O3 -Wall -std=c99 -Wextra -Wno-unused-result -Wno-unused-parameter -Wno-missing-field-initializers -Werror=implicit-function-declaration -I./Include/internal -I./Include -I. -I/usr/include/x86_64-linux-gnu -I/usr/local/include -I/mnt/3a4a987a-73ee-49eb-bc4b-b34ee82abd09/C++Code/cpython/Include -I/mnt/3a4a987a-73ee-49eb-bc4b-b34ee82abd09/C++Code/cpython -c /mnt/3a4a987a-73ee-49eb-bc4b-b34ee82abd09/C++Code/cpython/Modules/cjkcodecs/_codecs_jp.c -o build/temp.linux-x86_64-3.8/mnt/3a4a987a-73ee-49eb-bc4b-b34ee82abd09/C++Code/cpython/Modules/cjkcodecs/_codecs_jp.o
gcc -pthread -shared build/temp.linux-x86_64-3.8/mnt/3a4a987a-73ee-49eb-bc4b-b34ee82abd09/C++Code/cpython/Modules/cjkcodecs/_codecs_jp.o -L/usr/lib/x86_64-linux-gnu -L/usr/local/lib -o build/lib.linux-x86_64-3.8/_codecs_jp.cpython-38m-x86_64-linux-gnu.so
building '_codecs_cn' extension
gcc -pthread -fPIC -Wno-unused-result -Wsign-compare -DNDEBUG -g -fwrapv -O3 -Wall -std=c99 -Wextra -Wno-unused-result -Wno-unused-parameter -Wno-missing-field-initializers -Werror=implicit-function-declaration -I./Include/internal -I./Include -I. -I/usr/include/x86_64-linux-gnu -I/usr/local/include -I/mnt/3a4a987a-73ee-49eb-bc4b-b34ee82abd09/C++Code/cpython/Include -I/mnt/3a4a987a-73ee-49eb-bc4b-b34ee82abd09/C++Code/cpython -c /mnt/3a4a987a-73ee-49eb-bc4b-b34ee82abd09/C++Code/cpython/Modules/cjkcodecs/_codecs_cn.c -o build/temp.linux-x86_64-3.8/mnt/3a4a987a-73ee-49eb-bc4b-b34ee82abd09/C++Code/cpython/Modules/cjkcodecs/_codecs_cn.o
gcc -pthread -shared build/temp.linux-x86_64-3.8/mnt/3a4a987a-73ee-49eb-bc4b-b34ee82abd09/C++Code/cpython/Modules/cjkcodecs/_codecs_cn.o -L/usr/lib/x86_64-linux-gnu -L/usr/local/lib -o build/lib.linux-x86_64-3.8/_codecs_cn.cpython-38m-x86_64-linux-gnu.so
building '_codecs_tw' extension
gcc -pthread -fPIC -Wno-unused-result -Wsign-compare -DNDEBUG -g -fwrapv -O3 -Wall -std=c99 -Wextra -Wno-unused-result -Wno-unused-parameter -Wno-missing-field-initializers -Werror=implicit-function-declaration -I./Include/internal -I./Include -I. -I/usr/include/x86_64-linux-gnu -I/usr/local/include -I/mnt/3a4a987a-73ee-49eb-bc4b-b34ee82abd09/C++Code/cpython/Include -I/mnt/3a4a987a-73ee-49eb-bc4b-b34ee82abd09/C++Code/cpython -c /mnt/3a4a987a-73ee-49eb-bc4b-b34ee82abd09/C++Code/cpython/Modules/cjkcodecs/_codecs_tw.c -o build/temp.linux-x86_64-3.8/mnt/3a4a987a-73ee-49eb-bc4b-b34ee82abd09/C++Code/cpython/Modules/cjkcodecs/_codecs_tw.o
gcc -pthread -shared build/temp.linux-x86_64-3.8/mnt/3a4a987a-73ee-49eb-bc4b-b34ee82abd09/C++Code/cpython/Modules/cjkcodecs/_codecs_tw.o -L/usr/lib/x86_64-linux-gnu -L/usr/local/lib -o build/lib.linux-x86_64-3.8/_codecs_tw.cpython-38m-x86_64-linux-gnu.so
building '_codecs_hk' extension
gcc -pthread -fPIC -Wno-unused-result -Wsign-compare -DNDEBUG -g -fwrapv -O3 -Wall -std=c99 -Wextra -Wno-unused-result -Wno-unused-parameter -Wno-missing-field-initializers -Werror=implicit-function-declaration -I./Include/internal -I./Include -I. -I/usr/include/x86_64-linux-gnu -I/usr/local/include -I/mnt/3a4a987a-73ee-49eb-bc4b-b34ee82abd09/C++Code/cpython/Include -I/mnt/3a4a987a-73ee-49eb-bc4b-b34ee82abd09/C++Code/cpython -c /mnt/3a4a987a-73ee-49eb-bc4b-b34ee82abd09/C++Code/cpython/Modules/cjkcodecs/_codecs_hk.c -o build/temp.linux-x86_64-3.8/mnt/3a4a987a-73ee-49eb-bc4b-b34ee82abd09/C++Code/cpython/Modules/cjkcodecs/_codecs_hk.o
gcc -pthread -shared build/temp.linux-x86_64-3.8/mnt/3a4a987a-73ee-49eb-bc4b-b34ee82abd09/C++Code/cpython/Modules/cjkcodecs/_codecs_hk.o -L/usr/lib/x86_64-linux-gnu -L/usr/local/lib -o build/lib.linux-x86_64-3.8/_codecs_hk.cpython-38m-x86_64-linux-gnu.so
building '_codecs_iso2022' extension
gcc -pthread -fPIC -Wno-unused-result -Wsign-compare -DNDEBUG -g -fwrapv -O3 -Wall -std=c99 -Wextra -Wno-unused-result -Wno-unused-parameter -Wno-missing-field-initializers -Werror=implicit-function-declaration -I./Include/internal -I./Include -I. -I/usr/include/x86_64-linux-gnu -I/usr/local/include -I/mnt/3a4a987a-73ee-49eb-bc4b-b34ee82abd09/C++Code/cpython/Include -I/mnt/3a4a987a-73ee-49eb-bc4b-b34ee82abd09/C++Code/cpython -c /mnt/3a4a987a-73ee-49eb-bc4b-b34ee82abd09/C++Code/cpython/Modules/cjkcodecs/_codecs_iso2022.c -o build/temp.linux-x86_64-3.8/mnt/3a4a987a-73ee-49eb-bc4b-b34ee82abd09/C++Code/cpython/Modules/cjkcodecs/_codecs_iso2022.o
gcc -pthread -shared build/temp.linux-x86_64-3.8/mnt/3a4a987a-73ee-49eb-bc4b-b34ee82abd09/C++Code/cpython/Modules/cjkcodecs/_codecs_iso2022.o -L/usr/lib/x86_64-linux-gnu -L/usr/local/lib -o build/lib.linux-x86_64-3.8/_codecs_iso2022.cpython-38m-x86_64-linux-gnu.so
building '_decimal' extension
creating build/temp.linux-x86_64-3.8/mnt/3a4a987a-73ee-49eb-bc4b-b34ee82abd09/C++Code/cpython/Modules/_decimal
creating build/temp.linux-x86_64-3.8/mnt/3a4a987a-73ee-49eb-bc4b-b34ee82abd09/C++Code/cpython/Modules/_decimal/libmpdec
gcc -pthread -fPIC -Wno-unused-result -Wsign-compare -DNDEBUG -g -fwrapv -O3 -Wall -std=c99 -Wextra -Wno-unused-result -Wno-unused-parameter -Wno-missing-field-initializers -Werror=implicit-function-declaration -I./Include/internal -DCONFIG_64=1 -DASM=1 -I/mnt/3a4a987a-73ee-49eb-bc4b-b34ee82abd09/C++Code/cpython/Modules/_decimal/libmpdec -I./Include -I. -I/usr/include/x86_64-linux-gnu -I/usr/local/include -I/mnt/3a4a987a-73ee-49eb-bc4b-b34ee82abd09/C++Code/cpython/Include -I/mnt/3a4a987a-73ee-49eb-bc4b-b34ee82abd09/C++Code/cpython -c /mnt/3a4a987a-73ee-49eb-bc4b-b34ee82abd09/C++Code/cpython/Modules/_decimal/_decimal.c -o build/temp.linux-x86_64-3.8/mnt/3a4a987a-73ee-49eb-bc4b-b34ee82abd09/C++Code/cpython/Modules/_decimal/_decimal.o
gcc -pthread -fPIC -Wno-unused-result -Wsign-compare -DNDEBUG -g -fwrapv -O3 -Wall -std=c99 -Wextra -Wno-unused-result -Wno-unused-parameter -Wno-missing-field-initializers -Werror=implicit-function-declaration -I./Include/internal -DCONFIG_64=1 -DASM=1 -I/mnt/3a4a987a-73ee-49eb-bc4b-b34ee82abd09/C++Code/cpython/Modules/_decimal/libmpdec -I./Include -I. -I/usr/include/x86_64-linux-gnu -I/usr/local/include -I/mnt/3a4a987a-73ee-49eb-bc4b-b34ee82abd09/C++Code/cpython/Include -I/mnt/3a4a987a-73ee-49eb-bc4b-b34ee82abd09/C++Code/cpython -c /mnt/3a4a987a-73ee-49eb-bc4b-b34ee82abd09/C++Code/cpython/Modules/_decimal/libmpdec/basearith.c -o build/temp.linux-x86_64-3.8/mnt/3a4a987a-73ee-49eb-bc4b-b34ee82abd09/C++Code/cpython/Modules/_decimal/libmpdec/basearith.o
gcc -pthread -fPIC -Wno-unused-result -Wsign-compare -DNDEBUG -g -fwrapv -O3 -Wall -std=c99 -Wextra -Wno-unused-result -Wno-unused-parameter -Wno-missing-field-initializers -Werror=implicit-function-declaration -I./Include/internal -DCONFIG_64=1 -DASM=1 -I/mnt/3a4a987a-73ee-49eb-bc4b-b34ee82abd09/C++Code/cpython/Modules/_decimal/libmpdec -I./Include -I. -I/usr/include/x86_64-linux-gnu -I/usr/local/include -I/mnt/3a4a987a-73ee-49eb-bc4b-b34ee82abd09/C++Code/cpython/Include -I/mnt/3a4a987a-73ee-49eb-bc4b-b34ee82abd09/C++Code/cpython -c /mnt/3a4a987a-73ee-49eb-bc4b-b34ee82abd09/C++Code/cpython/Modules/_decimal/libmpdec/constants.c -o build/temp.linux-x86_64-3.8/mnt/3a4a987a-73ee-49eb-bc4b-b34ee82abd09/C++Code/cpython/Modules/_decimal/libmpdec/constants.o
gcc -pthread -fPIC -Wno-unused-result -Wsign-compare -DNDEBUG -g -fwrapv -O3 -Wall -std=c99 -Wextra -Wno-unused-result -Wno-unused-parameter -Wno-missing-field-initializers -Werror=implicit-function-declaration -I./Include/internal -DCONFIG_64=1 -DASM=1 -I/mnt/3a4a987a-73ee-49eb-bc4b-b34ee82abd09/C++Code/cpython/Modules/_decimal/libmpdec -I./Include -I. -I/usr/include/x86_64-linux-gnu -I/usr/local/include -I/mnt/3a4a987a-73ee-49eb-bc4b-b34ee82abd09/C++Code/cpython/Include -I/mnt/3a4a987a-73ee-49eb-bc4b-b34ee82abd09/C++Code/cpython -c /mnt/3a4a987a-73ee-49eb-bc4b-b34ee82abd09/C++Code/cpython/Modules/_decimal/libmpdec/context.c -o build/temp.linux-x86_64-3.8/mnt/3a4a987a-73ee-49eb-bc4b-b34ee82abd09/C++Code/cpython/Modules/_decimal/libmpdec/context.o
gcc -pthread -fPIC -Wno-unused-result -Wsign-compare -DNDEBUG -g -fwrapv -O3 -Wall -std=c99 -Wextra -Wno-unused-result -Wno-unused-parameter -Wno-missing-field-initializers -Werror=implicit-function-declaration -I./Include/internal -DCONFIG_64=1 -DASM=1 -I/mnt/3a4a987a-73ee-49eb-bc4b-b34ee82abd09/C++Code/cpython/Modules/_decimal/libmpdec -I./Include -I. -I/usr/include/x86_64-linux-gnu -I/usr/local/include -I/mnt/3a4a987a-73ee-49eb-bc4b-b34ee82abd09/C++Code/cpython/Include -I/mnt/3a4a987a-73ee-49eb-bc4b-b34ee82abd09/C++Code/cpython -c /mnt/3a4a987a-73ee-49eb-bc4b-b34ee82abd09/C++Code/cpython/Modules/_decimal/libmpdec/convolute.c -o build/temp.linux-x86_64-3.8/mnt/3a4a987a-73ee-49eb-bc4b-b34ee82abd09/C++Code/cpython/Modules/_decimal/libmpdec/convolute.o
gcc -pthread -fPIC -Wno-unused-result -Wsign-compare -DNDEBUG -g -fwrapv -O3 -Wall -std=c99 -Wextra -Wno-unused-result -Wno-unused-parameter -Wno-missing-field-initializers -Werror=implicit-function-declaration -I./Include/internal -DCONFIG_64=1 -DASM=1 -I/mnt/3a4a987a-73ee-49eb-bc4b-b34ee82abd09/C++Code/cpython/Modules/_decimal/libmpdec -I./Include -I. -I/usr/include/x86_64-linux-gnu -I/usr/local/include -I/mnt/3a4a987a-73ee-49eb-bc4b-b34ee82abd09/C++Code/cpython/Include -I/mnt/3a4a987a-73ee-49eb-bc4b-b34ee82abd09/C++Code/cpython -c /mnt/3a4a987a-73ee-49eb-bc4b-b34ee82abd09/C++Code/cpython/Modules/_decimal/libmpdec/crt.c -o build/temp.linux-x86_64-3.8/mnt/3a4a987a-73ee-49eb-bc4b-b34ee82abd09/C++Code/cpython/Modules/_decimal/libmpdec/crt.o
gcc -pthread -fPIC -Wno-unused-result -Wsign-compare -DNDEBUG -g -fwrapv -O3 -Wall -std=c99 -Wextra -Wno-unused-result -Wno-unused-parameter -Wno-missing-field-initializers -Werror=implicit-function-declaration -I./Include/internal -DCONFIG_64=1 -DASM=1 -I/mnt/3a4a987a-73ee-49eb-bc4b-b34ee82abd09/C++Code/cpython/Modules/_decimal/libmpdec -I./Include -I. -I/usr/include/x86_64-linux-gnu -I/usr/local/include -I/mnt/3a4a987a-73ee-49eb-bc4b-b34ee82abd09/C++Code/cpython/Include -I/mnt/3a4a987a-73ee-49eb-bc4b-b34ee82abd09/C++Code/cpython -c /mnt/3a4a987a-73ee-49eb-bc4b-b34ee82abd09/C++Code/cpython/Modules/_decimal/libmpdec/difradix2.c -o build/temp.linux-x86_64-3.8/mnt/3a4a987a-73ee-49eb-bc4b-b34ee82abd09/C++Code/cpython/Modules/_decimal/libmpdec/difradix2.o
gcc -pthread -fPIC -Wno-unused-result -Wsign-compare -DNDEBUG -g -fwrapv -O3 -Wall -std=c99 -Wextra -Wno-unused-result -Wno-unused-parameter -Wno-missing-field-initializers -Werror=implicit-function-declaration -I./Include/internal -DCONFIG_64=1 -DASM=1 -I/mnt/3a4a987a-73ee-49eb-bc4b-b34ee82abd09/C++Code/cpython/Modules/_decimal/libmpdec -I./Include -I. -I/usr/include/x86_64-linux-gnu -I/usr/local/include -I/mnt/3a4a987a-73ee-49eb-bc4b-b34ee82abd09/C++Code/cpython/Include -I/mnt/3a4a987a-73ee-49eb-bc4b-b34ee82abd09/C++Code/cpython -c /mnt/3a4a987a-73ee-49eb-bc4b-b34ee82abd09/C++Code/cpython/Modules/_decimal/libmpdec/fnt.c -o build/temp.linux-x86_64-3.8/mnt/3a4a987a-73ee-49eb-bc4b-b34ee82abd09/C++Code/cpython/Modules/_decimal/libmpdec/fnt.o
gcc -pthread -fPIC -Wno-unused-result -Wsign-compare -DNDEBUG -g -fwrapv -O3 -Wall -std=c99 -Wextra -Wno-unused-result -Wno-unused-parameter -Wno-missing-field-initializers -Werror=implicit-function-declaration -I./Include/internal -DCONFIG_64=1 -DASM=1 -I/mnt/3a4a987a-73ee-49eb-bc4b-b34ee82abd09/C++Code/cpython/Modules/_decimal/libmpdec -I./Include -I. -I/usr/include/x86_64-linux-gnu -I/usr/local/include -I/mnt/3a4a987a-73ee-49eb-bc4b-b34ee82abd09/C++Code/cpython/Include -I/mnt/3a4a987a-73ee-49eb-bc4b-b34ee82abd09/C++Code/cpython -c /mnt/3a4a987a-73ee-49eb-bc4b-b34ee82abd09/C++Code/cpython/Modules/_decimal/libmpdec/fourstep.c -o build/temp.linux-x86_64-3.8/mnt/3a4a987a-73ee-49eb-bc4b-b34ee82abd09/C++Code/cpython/Modules/_decimal/libmpdec/fourstep.o
gcc -pthread -fPIC -Wno-unused-result -Wsign-compare -DNDEBUG -g -fwrapv -O3 -Wall -std=c99 -Wextra -Wno-unused-result -Wno-unused-parameter -Wno-missing-field-initializers -Werror=implicit-function-declaration -I./Include/internal -DCONFIG_64=1 -DASM=1 -I/mnt/3a4a987a-73ee-49eb-bc4b-b34ee82abd09/C++Code/cpython/Modules/_decimal/libmpdec -I./Include -I. -I/usr/include/x86_64-linux-gnu -I/usr/local/include -I/mnt/3a4a987a-73ee-49eb-bc4b-b34ee82abd09/C++Code/cpython/Include -I/mnt/3a4a987a-73ee-49eb-bc4b-b34ee82abd09/C++Code/cpython -c /mnt/3a4a987a-73ee-49eb-bc4b-b34ee82abd09/C++Code/cpython/Modules/_decimal/libmpdec/io.c -o build/temp.linux-x86_64-3.8/mnt/3a4a987a-73ee-49eb-bc4b-b34ee82abd09/C++Code/cpython/Modules/_decimal/libmpdec/io.o
gcc -pthread -fPIC -Wno-unused-result -Wsign-compare -DNDEBUG -g -fwrapv -O3 -Wall -std=c99 -Wextra -Wno-unused-result -Wno-unused-parameter -Wno-missing-field-initializers -Werror=implicit-function-declaration -I./Include/internal -DCONFIG_64=1 -DASM=1 -I/mnt/3a4a987a-73ee-49eb-bc4b-b34ee82abd09/C++Code/cpython/Modules/_decimal/libmpdec -I./Include -I. -I/usr/include/x86_64-linux-gnu -I/usr/local/include -I/mnt/3a4a987a-73ee-49eb-bc4b-b34ee82abd09/C++Code/cpython/Include -I/mnt/3a4a987a-73ee-49eb-bc4b-b34ee82abd09/C++Code/cpython -c /mnt/3a4a987a-73ee-49eb-bc4b-b34ee82abd09/C++Code/cpython/Modules/_decimal/libmpdec/memory.c -o build/temp.linux-x86_64-3.8/mnt/3a4a987a-73ee-49eb-bc4b-b34ee82abd09/C++Code/cpython/Modules/_decimal/libmpdec/memory.o
gcc -pthread -fPIC -Wno-unused-result -Wsign-compare -DNDEBUG -g -fwrapv -O3 -Wall -std=c99 -Wextra -Wno-unused-result -Wno-unused-parameter -Wno-missing-field-initializers -Werror=implicit-function-declaration -I./Include/internal -DCONFIG_64=1 -DASM=1 -I/mnt/3a4a987a-73ee-49eb-bc4b-b34ee82abd09/C++Code/cpython/Modules/_decimal/libmpdec -I./Include -I. -I/usr/include/x86_64-linux-gnu -I/usr/local/include -I/mnt/3a4a987a-73ee-49eb-bc4b-b34ee82abd09/C++Code/cpython/Include -I/mnt/3a4a987a-73ee-49eb-bc4b-b34ee82abd09/C++Code/cpython -c /mnt/3a4a987a-73ee-49eb-bc4b-b34ee82abd09/C++Code/cpython/Modules/_decimal/libmpdec/mpdecimal.c -o build/temp.linux-x86_64-3.8/mnt/3a4a987a-73ee-49eb-bc4b-b34ee82abd09/C++Code/cpython/Modules/_decimal/libmpdec/mpdecimal.o
gcc -pthread -fPIC -Wno-unused-result -Wsign-compare -DNDEBUG -g -fwrapv -O3 -Wall -std=c99 -Wextra -Wno-unused-result -Wno-unused-parameter -Wno-missing-field-initializers -Werror=implicit-function-declaration -I./Include/internal -DCONFIG_64=1 -DASM=1 -I/mnt/3a4a987a-73ee-49eb-bc4b-b34ee82abd09/C++Code/cpython/Modules/_decimal/libmpdec -I./Include -I. -I/usr/include/x86_64-linux-gnu -I/usr/local/include -I/mnt/3a4a987a-73ee-49eb-bc4b-b34ee82abd09/C++Code/cpython/Include -I/mnt/3a4a987a-73ee-49eb-bc4b-b34ee82abd09/C++Code/cpython -c /mnt/3a4a987a-73ee-49eb-bc4b-b34ee82abd09/C++Code/cpython/Modules/_decimal/libmpdec/numbertheory.c -o build/temp.linux-x86_64-3.8/mnt/3a4a987a-73ee-49eb-bc4b-b34ee82abd09/C++Code/cpython/Modules/_decimal/libmpdec/numbertheory.o
gcc -pthread -fPIC -Wno-unused-result -Wsign-compare -DNDEBUG -g -fwrapv -O3 -Wall -std=c99 -Wextra -Wno-unused-result -Wno-unused-parameter -Wno-missing-field-initializers -Werror=implicit-function-declaration -I./Include/internal -DCONFIG_64=1 -DASM=1 -I/mnt/3a4a987a-73ee-49eb-bc4b-b34ee82abd09/C++Code/cpython/Modules/_decimal/libmpdec -I./Include -I. -I/usr/include/x86_64-linux-gnu -I/usr/local/include -I/mnt/3a4a987a-73ee-49eb-bc4b-b34ee82abd09/C++Code/cpython/Include -I/mnt/3a4a987a-73ee-49eb-bc4b-b34ee82abd09/C++Code/cpython -c /mnt/3a4a987a-73ee-49eb-bc4b-b34ee82abd09/C++Code/cpython/Modules/_decimal/libmpdec/sixstep.c -o build/temp.linux-x86_64-3.8/mnt/3a4a987a-73ee-49eb-bc4b-b34ee82abd09/C++Code/cpython/Modules/_decimal/libmpdec/sixstep.o
gcc -pthread -fPIC -Wno-unused-result -Wsign-compare -DNDEBUG -g -fwrapv -O3 -Wall -std=c99 -Wextra -Wno-unused-result -Wno-unused-parameter -Wno-missing-field-initializers -Werror=implicit-function-declaration -I./Include/internal -DCONFIG_64=1 -DASM=1 -I/mnt/3a4a987a-73ee-49eb-bc4b-b34ee82abd09/C++Code/cpython/Modules/_decimal/libmpdec -I./Include -I. -I/usr/include/x86_64-linux-gnu -I/usr/local/include -I/mnt/3a4a987a-73ee-49eb-bc4b-b34ee82abd09/C++Code/cpython/Include -I/mnt/3a4a987a-73ee-49eb-bc4b-b34ee82abd09/C++Code/cpython -c /mnt/3a4a987a-73ee-49eb-bc4b-b34ee82abd09/C++Code/cpython/Modules/_decimal/libmpdec/transpose.c -o build/temp.linux-x86_64-3.8/mnt/3a4a987a-73ee-49eb-bc4b-b34ee82abd09/C++Code/cpython/Modules/_decimal/libmpdec/transpose.o
gcc -pthread -shared build/temp.linux-x86_64-3.8/mnt/3a4a987a-73ee-49eb-bc4b-b34ee82abd09/C++Code/cpython/Modules/_decimal/_decimal.o build/temp.linux-x86_64-3.8/mnt/3a4a987a-73ee-49eb-bc4b-b34ee82abd09/C++Code/cpython/Modules/_decimal/libmpdec/basearith.o build/temp.linux-x86_64-3.8/mnt/3a4a987a-73ee-49eb-bc4b-b34ee82abd09/C++Code/cpython/Modules/_decimal/libmpdec/constants.o build/temp.linux-x86_64-3.8/mnt/3a4a987a-73ee-49eb-bc4b-b34ee82abd09/C++Code/cpython/Modules/_decimal/libmpdec/context.o build/temp.linux-x86_64-3.8/mnt/3a4a987a-73ee-49eb-bc4b-b34ee82abd09/C++Code/cpython/Modules/_decimal/libmpdec/convolute.o build/temp.linux-x86_64-3.8/mnt/3a4a987a-73ee-49eb-bc4b-b34ee82abd09/C++Code/cpython/Modules/_decimal/libmpdec/crt.o build/temp.linux-x86_64-3.8/mnt/3a4a987a-73ee-49eb-bc4b-b34ee82abd09/C++Code/cpython/Modules/_decimal/libmpdec/difradix2.o build/temp.linux-x86_64-3.8/mnt/3a4a987a-73ee-49eb-bc4b-b34ee82abd09/C++Code/cpython/Modules/_decimal/libmpdec/fnt.o build/temp.linux-x86_64-3.8/mnt/3a4a987a-73ee-49eb-bc4b-b34ee82abd09/C++Code/cpython/Modules/_decimal/libmpdec/fourstep.o build/temp.linux-x86_64-3.8/mnt/3a4a987a-73ee-49eb-bc4b-b34ee82abd09/C++Code/cpython/Modules/_decimal/libmpdec/io.o build/temp.linux-x86_64-3.8/mnt/3a4a987a-73ee-49eb-bc4b-b34ee82abd09/C++Code/cpython/Modules/_decimal/libmpdec/memory.o build/temp.linux-x86_64-3.8/mnt/3a4a987a-73ee-49eb-bc4b-b34ee82abd09/C++Code/cpython/Modules/_decimal/libmpdec/mpdecimal.o build/temp.linux-x86_64-3.8/mnt/3a4a987a-73ee-49eb-bc4b-b34ee82abd09/C++Code/cpython/Modules/_decimal/libmpdec/numbertheory.o build/temp.linux-x86_64-3.8/mnt/3a4a987a-73ee-49eb-bc4b-b34ee82abd09/C++Code/cpython/Modules/_decimal/libmpdec/sixstep.o build/temp.linux-x86_64-3.8/mnt/3a4a987a-73ee-49eb-bc4b-b34ee82abd09/C++Code/cpython/Modules/_decimal/libmpdec/transpose.o -L/usr/lib/x86_64-linux-gnu -L/usr/local/lib -lm -o build/lib.linux-x86_64-3.8/_decimal.cpython-38m-x86_64-linux-gnu.so
building '_ctypes_test' extension
creating build/temp.linux-x86_64-3.8/mnt/3a4a987a-73ee-49eb-bc4b-b34ee82abd09/C++Code/cpython/Modules/_ctypes
gcc -pthread -fPIC -Wno-unused-result -Wsign-compare -DNDEBUG -g -fwrapv -O3 -Wall -std=c99 -Wextra -Wno-unused-result -Wno-unused-parameter -Wno-missing-field-initializers -Werror=implicit-function-declaration -I./Include/internal -I./Include -I. -I/usr/include/x86_64-linux-gnu -I/usr/local/include -I/mnt/3a4a987a-73ee-49eb-bc4b-b34ee82abd09/C++Code/cpython/Include -I/mnt/3a4a987a-73ee-49eb-bc4b-b34ee82abd09/C++Code/cpython -c /mnt/3a4a987a-73ee-49eb-bc4b-b34ee82abd09/C++Code/cpython/Modules/_ctypes/_ctypes_test.c -o build/temp.linux-x86_64-3.8/mnt/3a4a987a-73ee-49eb-bc4b-b34ee82abd09/C++Code/cpython/Modules/_ctypes/_ctypes_test.o
gcc -pthread -shared build/temp.linux-x86_64-3.8/mnt/3a4a987a-73ee-49eb-bc4b-b34ee82abd09/C++Code/cpython/Modules/_ctypes/_ctypes_test.o -L/usr/lib/x86_64-linux-gnu -L/usr/local/lib -lm -o build/lib.linux-x86_64-3.8/_ctypes_test.cpython-38m-x86_64-linux-gnu.so
building '_posixshmem' extension
creating build/temp.linux-x86_64-3.8/mnt/3a4a987a-73ee-49eb-bc4b-b34ee82abd09/C++Code/cpython/Modules/_multiprocessing
gcc -pthread -fPIC -Wno-unused-result -Wsign-compare -DNDEBUG -g -fwrapv -O3 -Wall -std=c99 -Wextra -Wno-unused-result -Wno-unused-parameter -Wno-missing-field-initializers -Werror=implicit-function-declaration -I./Include/internal -IModules/_multiprocessing -I./Include -I. -I/usr/include/x86_64-linux-gnu -I/usr/local/include -I/mnt/3a4a987a-73ee-49eb-bc4b-b34ee82abd09/C++Code/cpython/Include -I/mnt/3a4a987a-73ee-49eb-bc4b-b34ee82abd09/C++Code/cpython -c /mnt/3a4a987a-73ee-49eb-bc4b-b34ee82abd09/C++Code/cpython/Modules/_multiprocessing/posixshmem.c -o build/temp.linux-x86_64-3.8/mnt/3a4a987a-73ee-49eb-bc4b-b34ee82abd09/C++Code/cpython/Modules/_multiprocessing/posixshmem.o
gcc -pthread -shared build/temp.linux-x86_64-3.8/mnt/3a4a987a-73ee-49eb-bc4b-b34ee82abd09/C++Code/cpython/Modules/_multiprocessing/posixshmem.o -L/usr/lib/x86_64-linux-gnu -L/usr/local/lib -lrt -o build/lib.linux-x86_64-3.8/_posixshmem.cpython-38m-x86_64-linux-gnu.so
building '_multiprocessing' extension
gcc -pthread -fPIC -Wno-unused-result -Wsign-compare -DNDEBUG -g -fwrapv -O3 -Wall -std=c99 -Wextra -Wno-unused-result -Wno-unused-parameter -Wno-missing-field-initializers -Werror=implicit-function-declaration -I./Include/internal -IModules/_multiprocessing -I./Include -I. -I/usr/include/x86_64-linux-gnu -I/usr/local/include -I/mnt/3a4a987a-73ee-49eb-bc4b-b34ee82abd09/C++Code/cpython/Include -I/mnt/3a4a987a-73ee-49eb-bc4b-b34ee82abd09/C++Code/cpython -c /mnt/3a4a987a-73ee-49eb-bc4b-b34ee82abd09/C++Code/cpython/Modules/_multiprocessing/multiprocessing.c -o build/temp.linux-x86_64-3.8/mnt/3a4a987a-73ee-49eb-bc4b-b34ee82abd09/C++Code/cpython/Modules/_multiprocessing/multiprocessing.o
gcc -pthread -fPIC -Wno-unused-result -Wsign-compare -DNDEBUG -g -fwrapv -O3 -Wall -std=c99 -Wextra -Wno-unused-result -Wno-unused-parameter -Wno-missing-field-initializers -Werror=implicit-function-declaration -I./Include/internal -IModules/_multiprocessing -I./Include -I. -I/usr/include/x86_64-linux-gnu -I/usr/local/include -I/mnt/3a4a987a-73ee-49eb-bc4b-b34ee82abd09/C++Code/cpython/Include -I/mnt/3a4a987a-73ee-49eb-bc4b-b34ee82abd09/C++Code/cpython -c /mnt/3a4a987a-73ee-49eb-bc4b-b34ee82abd09/C++Code/cpython/Modules/_multiprocessing/semaphore.c -o build/temp.linux-x86_64-3.8/mnt/3a4a987a-73ee-49eb-bc4b-b34ee82abd09/C++Code/cpython/Modules/_multiprocessing/semaphore.o
gcc -pthread -shared build/temp.linux-x86_64-3.8/mnt/3a4a987a-73ee-49eb-bc4b-b34ee82abd09/C++Code/cpython/Modules/_multiprocessing/multiprocessing.o build/temp.linux-x86_64-3.8/mnt/3a4a987a-73ee-49eb-bc4b-b34ee82abd09/C++Code/cpython/Modules/_multiprocessing/semaphore.o -L/usr/lib/x86_64-linux-gnu -L/usr/local/lib -o build/lib.linux-x86_64-3.8/_multiprocessing.cpython-38m-x86_64-linux-gnu.so
building 'xxlimited' extension
gcc -pthread -fPIC -Wno-unused-result -Wsign-compare -DNDEBUG -g -fwrapv -O3 -Wall -std=c99 -Wextra -Wno-unused-result -Wno-unused-parameter -Wno-missing-field-initializers -Werror=implicit-function-declaration -I./Include/internal -DPy_LIMITED_API=0x03050000 -I./Include -I. -I/usr/include/x86_64-linux-gnu -I/usr/local/include -I/mnt/3a4a987a-73ee-49eb-bc4b-b34ee82abd09/C++Code/cpython/Include -I/mnt/3a4a987a-73ee-49eb-bc4b-b34ee82abd09/C++Code/cpython -c /mnt/3a4a987a-73ee-49eb-bc4b-b34ee82abd09/C++Code/cpython/Modules/xxlimited.c -o build/temp.linux-x86_64-3.8/mnt/3a4a987a-73ee-49eb-bc4b-b34ee82abd09/C++Code/cpython/Modules/xxlimited.o
gcc -pthread -shared build/temp.linux-x86_64-3.8/mnt/3a4a987a-73ee-49eb-bc4b-b34ee82abd09/C++Code/cpython/Modules/xxlimited.o -L/usr/lib/x86_64-linux-gnu -L/usr/local/lib -o build/lib.linux-x86_64-3.8/xxlimited.cpython-38m-x86_64-linux-gnu.so
building '_ctypes' extension
gcc -pthread -fPIC -Wno-unused-result -Wsign-compare -DNDEBUG -g -fwrapv -O3 -Wall -std=c99 -Wextra -Wno-unused-result -Wno-unused-parameter -Wno-missing-field-initializers -Werror=implicit-function-declaration -I./Include/internal -I/usr/include/x86_64-linux-gnu -I./Include -I. -I/usr/include/x86_64-linux-gnu -I/usr/local/include -I/mnt/3a4a987a-73ee-49eb-bc4b-b34ee82abd09/C++Code/cpython/Include -I/mnt/3a4a987a-73ee-49eb-bc4b-b34ee82abd09/C++Code/cpython -c /mnt/3a4a987a-73ee-49eb-bc4b-b34ee82abd09/C++Code/cpython/Modules/_ctypes/_ctypes.c -o build/temp.linux-x86_64-3.8/mnt/3a4a987a-73ee-49eb-bc4b-b34ee82abd09/C++Code/cpython/Modules/_ctypes/_ctypes.o
gcc -pthread -fPIC -Wno-unused-result -Wsign-compare -DNDEBUG -g -fwrapv -O3 -Wall -std=c99 -Wextra -Wno-unused-result -Wno-unused-parameter -Wno-missing-field-initializers -Werror=implicit-function-declaration -I./Include/internal -I/usr/include/x86_64-linux-gnu -I./Include -I. -I/usr/include/x86_64-linux-gnu -I/usr/local/include -I/mnt/3a4a987a-73ee-49eb-bc4b-b34ee82abd09/C++Code/cpython/Include -I/mnt/3a4a987a-73ee-49eb-bc4b-b34ee82abd09/C++Code/cpython -c /mnt/3a4a987a-73ee-49eb-bc4b-b34ee82abd09/C++Code/cpython/Modules/_ctypes/callbacks.c -o build/temp.linux-x86_64-3.8/mnt/3a4a987a-73ee-49eb-bc4b-b34ee82abd09/C++Code/cpython/Modules/_ctypes/callbacks.o
gcc -pthread -fPIC -Wno-unused-result -Wsign-compare -DNDEBUG -g -fwrapv -O3 -Wall -std=c99 -Wextra -Wno-unused-result -Wno-unused-parameter -Wno-missing-field-initializers -Werror=implicit-function-declaration -I./Include/internal -I/usr/include/x86_64-linux-gnu -I./Include -I. -I/usr/include/x86_64-linux-gnu -I/usr/local/include -I/mnt/3a4a987a-73ee-49eb-bc4b-b34ee82abd09/C++Code/cpython/Include -I/mnt/3a4a987a-73ee-49eb-bc4b-b34ee82abd09/C++Code/cpython -c /mnt/3a4a987a-73ee-49eb-bc4b-b34ee82abd09/C++Code/cpython/Modules/_ctypes/callproc.c -o build/temp.linux-x86_64-3.8/mnt/3a4a987a-73ee-49eb-bc4b-b34ee82abd09/C++Code/cpython/Modules/_ctypes/callproc.o
gcc -pthread -fPIC -Wno-unused-result -Wsign-compare -DNDEBUG -g -fwrapv -O3 -Wall -std=c99 -Wextra -Wno-unused-result -Wno-unused-parameter -Wno-missing-field-initializers -Werror=implicit-function-declaration -I./Include/internal -I/usr/include/x86_64-linux-gnu -I./Include -I. -I/usr/include/x86_64-linux-gnu -I/usr/local/include -I/mnt/3a4a987a-73ee-49eb-bc4b-b34ee82abd09/C++Code/cpython/Include -I/mnt/3a4a987a-73ee-49eb-bc4b-b34ee82abd09/C++Code/cpython -c /mnt/3a4a987a-73ee-49eb-bc4b-b34ee82abd09/C++Code/cpython/Modules/_ctypes/stgdict.c -o build/temp.linux-x86_64-3.8/mnt/3a4a987a-73ee-49eb-bc4b-b34ee82abd09/C++Code/cpython/Modules/_ctypes/stgdict.o
gcc -pthread -fPIC -Wno-unused-result -Wsign-compare -DNDEBUG -g -fwrapv -O3 -Wall -std=c99 -Wextra -Wno-unused-result -Wno-unused-parameter -Wno-missing-field-initializers -Werror=implicit-function-declaration -I./Include/internal -I/usr/include/x86_64-linux-gnu -I./Include -I. -I/usr/include/x86_64-linux-gnu -I/usr/local/include -I/mnt/3a4a987a-73ee-49eb-bc4b-b34ee82abd09/C++Code/cpython/Include -I/mnt/3a4a987a-73ee-49eb-bc4b-b34ee82abd09/C++Code/cpython -c /mnt/3a4a987a-73ee-49eb-bc4b-b34ee82abd09/C++Code/cpython/Modules/_ctypes/cfield.c -o build/temp.linux-x86_64-3.8/mnt/3a4a987a-73ee-49eb-bc4b-b34ee82abd09/C++Code/cpython/Modules/_ctypes/cfield.o
gcc -pthread -shared build/temp.linux-x86_64-3.8/mnt/3a4a987a-73ee-49eb-bc4b-b34ee82abd09/C++Code/cpython/Modules/_ctypes/_ctypes.o build/temp.linux-x86_64-3.8/mnt/3a4a987a-73ee-49eb-bc4b-b34ee82abd09/C++Code/cpython/Modules/_ctypes/callbacks.o build/temp.linux-x86_64-3.8/mnt/3a4a987a-73ee-49eb-bc4b-b34ee82abd09/C++Code/cpython/Modules/_ctypes/callproc.o build/temp.linux-x86_64-3.8/mnt/3a4a987a-73ee-49eb-bc4b-b34ee82abd09/C++Code/cpython/Modules/_ctypes/stgdict.o build/temp.linux-x86_64-3.8/mnt/3a4a987a-73ee-49eb-bc4b-b34ee82abd09/C++Code/cpython/Modules/_ctypes/cfield.o -L/usr/lib/x86_64-linux-gnu -L/usr/local/lib -lffi -ldl -o build/lib.linux-x86_64-3.8/_ctypes.cpython-38m-x86_64-linux-gnu.so

Python build finished successfully!
The necessary bits to build these optional modules were not found:
_bz2                  _dbm                  _gdbm              
_hashlib              _lzma                 _sqlite3           
_ssl                  _tkinter              _uuid              
zlib                                                           
To find the necessary bits, look in setup.py in detect_modules() for the module's name.


The following modules found by detect_modules() in setup.py, have been
built by the Makefile instead, as configured by the Setup files:
_abc                  atexit                pwd                
time                                                           


Could not build the ssl module!
Python requires an OpenSSL 1.0.2 or 1.1 compatible libssl with X509_VERIFY_PARAM_set1_host().
LibreSSL 2.6.4 and earlier do not provide the necessary APIs, https://github.com/libressl-portable/portable/issues/381

running build_scripts
creating build/scripts-3.8
copying and adjusting /mnt/3a4a987a-73ee-49eb-bc4b-b34ee82abd09/C++Code/cpython/Tools/scripts/pydoc3 -> build/scripts-3.8
copying and adjusting /mnt/3a4a987a-73ee-49eb-bc4b-b34ee82abd09/C++Code/cpython/Tools/scripts/idle3 -> build/scripts-3.8
copying and adjusting /mnt/3a4a987a-73ee-49eb-bc4b-b34ee82abd09/C++Code/cpython/Tools/scripts/2to3 -> build/scripts-3.8
changing mode of build/scripts-3.8/pydoc3 from 664 to 775
changing mode of build/scripts-3.8/idle3 from 664 to 775
changing mode of build/scripts-3.8/2to3 from 664 to 775
renaming build/scripts-3.8/pydoc3 to build/scripts-3.8/pydoc3.8
renaming build/scripts-3.8/idle3 to build/scripts-3.8/idle3.8
renaming build/scripts-3.8/2to3 to build/scripts-3.8/2to3-3.8
